Java HotSpot(TM) 64-Bit Server VM (25.202-b08) for windows-amd64 JRE (1.8.0_202-b08), built on Dec 15 2018 19:54:30 by "java_re" with MS VC++ 10.0 (VS2010)
Memory: 4k page, physical 8379632k(2458652k free), swap 16759264k(4661520k free)
CommandLine flags: -XX:+AlwaysPreTouch -XX:GCLogFileSize=20971520 -XX:InitialHeapSize=536870912 -XX:MaxGCPauseMillis=250 -XX:MaxHeapSize=536870912 -XX:NumberOfGCLogFiles=9 -XX:+ParallelRefProcEnabled -XX:+PerfDisableSharedMem -XX:+PrintGC -XX:+PrintGCApplicationStoppedTime -XX:+PrintGCDateStamps -XX:+PrintGCDetails -XX:+PrintGCTimeStamps -XX:+PrintHeapAtGC -XX:+PrintTenuringDistribution -XX:ThreadStackSize=256 -XX:+UseCompressedClassPointers -XX:+UseCompressedOops -XX:+UseG1GC -XX:+UseGCLogFileRotation -XX:-UseLargePages -XX:-UseLargePagesIndividualAllocation 
2020-03-11T15:54:45.672+0800: 0.475: Total time for which application threads were stopped: 0.0001455 seconds, Stopping threads took: 0.0000250 seconds
2020-03-11T15:54:45.780+0800: 0.584: Total time for which application threads were stopped: 0.0004407 seconds, Stopping threads took: 0.0000997 seconds
2020-03-11T15:54:45.924+0800: 0.728: Total time for which application threads were stopped: 0.0001417 seconds, Stopping threads took: 0.0000246 seconds
2020-03-11T15:54:46.129+0800: 0.932: Total time for which application threads were stopped: 0.0001478 seconds, Stopping threads took: 0.0000181 seconds
2020-03-11T15:54:46.223+0800: 1.027: Total time for which application threads were stopped: 0.0003187 seconds, Stopping threads took: 0.0000416 seconds
2020-03-11T15:54:46.455+0800: 1.259: Total time for which application threads were stopped: 0.0001894 seconds, Stopping threads took: 0.0000231 seconds
{Heap before GC invocations=0 (full 0):
 garbage-first heap   total 524288K, used 30720K [0x00000000e0000000, 0x00000000e0101000, 0x0000000100000000)
  region size 1024K, 30 young (30720K), 0 survivors (0K)
 Metaspace       used 11829K, capacity 12168K, committed 12288K, reserved 1060864K
  class space    used 1420K, capacity 1512K, committed 1536K, reserved 1048576K
2020-03-11T15:54:46.543+0800: 1.346: [GC pause (G1 Evacuation Pause) (young)
Desired survivor size 2097152 bytes, new threshold 15 (max 15)
, 0.0076830 secs]
   [Parallel Time: 4.7 ms, GC Workers: 8]
      [GC Worker Start (ms): Min: 1346.6, Avg: 1346.6, Max: 1346.6, Diff: 0.1]
      [Ext Root Scanning (ms): Min: 0.0, Avg: 0.6, Max: 1.7, Diff: 1.7, Sum: 4.5]
      [Update RS (ms): Min: 0.0, Avg: 0.0, Max: 0.0, Diff: 0.0, Sum: 0.0]
         [Processed Buffers: Min: 0, Avg: 0.0, Max: 0, Diff: 0, Sum: 0]
      [Scan RS (ms): Min: 0.0, Avg: 0.0, Max: 0.0, Diff: 0.0, Sum: 0.0]
      [Code Root Scanning (ms): Min: 0.0, Avg: 0.1, Max: 0.5, Diff: 0.5, Sum: 1.0]
      [Object Copy (ms): Min: 0.0, Avg: 3.2, Max: 4.2, Diff: 4.2, Sum: 25.7]
      [Termination (ms): Min: 0.0, Avg: 0.1, Max: 0.1, Diff: 0.1, Sum: 0.6]
         [Termination Attempts: Min: 1, Avg: 28.6, Max: 47, Diff: 46, Sum: 229]
      [GC Worker Other (ms): Min: 0.0, Avg: 0.7, Max: 4.6, Diff: 4.6, Sum: 5.2]
      [GC Worker Total (ms): Min: 4.6, Avg: 4.6, Max: 4.7, Diff: 0.1, Sum: 37.0]
      [GC Worker End (ms): Min: 1351.2, Avg: 1351.2, Max: 1351.2, Diff: 0.0]
   [Code Root Fixup: 0.1 ms]
   [Code Root Purge: 0.0 ms]
   [Clear CT: 0.1 ms]
   [Other: 2.8 ms]
      [Choose CSet: 0.0 ms]
      [Ref Proc: 2.4 ms]
      [Ref Enq: 0.1 ms]
      [Redirty Cards: 0.0 ms]
      [Humongous Register: 0.0 ms]
      [Humongous Reclaim: 0.0 ms]
      [Free CSet: 0.1 ms]
   [Eden: 30.0M(30.0M)->0.0B(40.0M) Survivors: 0.0B->4096.0K Heap: 30.0M(512.0M)->6093.5K(512.0M)]
Heap after GC invocations=1 (full 0):
 garbage-first heap   total 524288K, used 6093K [0x00000000e0000000, 0x00000000e0101000, 0x0000000100000000)
  region size 1024K, 4 young (4096K), 4 survivors (4096K)
 Metaspace       used 11829K, capacity 12168K, committed 12288K, reserved 1060864K
  class space    used 1420K, capacity 1512K, committed 1536K, reserved 1048576K
}
 [Times: user=0.00 sys=0.00, real=0.01 secs] 
2020-03-11T15:54:46.550+0800: 1.354: Total time for which application threads were stopped: 0.0081688 seconds, Stopping threads took: 0.0000396 seconds
2020-03-11T15:54:46.629+0800: 1.433: Total time for which application threads were stopped: 0.0002475 seconds, Stopping threads took: 0.0000346 seconds
2020-03-11T15:54:47.092+0800: 1.896: Total time for which application threads were stopped: 0.0002848 seconds, Stopping threads took: 0.0000242 seconds
2020-03-11T15:54:47.099+0800: 1.903: Total time for which application threads were stopped: 0.0001817 seconds, Stopping threads took: 0.0000185 seconds
2020-03-11T15:54:47.190+0800: 1.994: Total time for which application threads were stopped: 0.0002514 seconds, Stopping threads took: 0.0000231 seconds
{Heap before GC invocations=1 (full 0):
 garbage-first heap   total 524288K, used 47053K [0x00000000e0000000, 0x00000000e0101000, 0x0000000100000000)
  region size 1024K, 42 young (43008K), 4 survivors (4096K)
 Metaspace       used 18327K, capacity 18710K, committed 19072K, reserved 1067008K
  class space    used 2217K, capacity 2317K, committed 2432K, reserved 1048576K
2020-03-11T15:54:47.502+0800: 2.306: [GC pause (G1 Evacuation Pause) (young)
Desired survivor size 3145728 bytes, new threshold 1 (max 15)
- age   1:    3339048 bytes,    3339048 total
, 0.0175739 secs]
   [Parallel Time: 14.2 ms, GC Workers: 8]
      [GC Worker Start (ms): Min: 2306.0, Avg: 2306.0, Max: 2306.0, Diff: 0.0]
      [Ext Root Scanning (ms): Min: 0.5, Avg: 0.9, Max: 2.6, Diff: 2.1, Sum: 7.2]
      [Update RS (ms): Min: 1.7, Avg: 2.2, Max: 2.5, Diff: 0.9, Sum: 17.5]
         [Processed Buffers: Min: 1, Avg: 1.1, Max: 2, Diff: 1, Sum: 9]
      [Scan RS (ms): Min: 0.0, Avg: 0.2, Max: 0.6, Diff: 0.6, Sum: 1.4]
      [Code Root Scanning (ms): Min: 0.0, Avg: 0.2, Max: 1.4, Diff: 1.4, Sum: 1.9]
      [Object Copy (ms): Min: 9.7, Avg: 10.5, Max: 11.1, Diff: 1.3, Sum: 84.3]
      [Termination (ms): Min: 0.0, Avg: 0.0, Max: 0.0, Diff: 0.0, Sum: 0.1]
         [Termination Attempts: Min: 1, Avg: 60.9, Max: 75, Diff: 74, Sum: 487]
      [GC Worker Other (ms): Min: 0.0, Avg: 0.0, Max: 0.0, Diff: 0.0, Sum: 0.2]
      [GC Worker Total (ms): Min: 14.0, Avg: 14.1, Max: 14.1, Diff: 0.1, Sum: 112.5]
      [GC Worker End (ms): Min: 2320.0, Avg: 2320.0, Max: 2320.1, Diff: 0.0]
   [Code Root Fixup: 0.1 ms]
   [Code Root Purge: 0.0 ms]
   [Clear CT: 0.1 ms]
   [Other: 3.1 ms]
      [Choose CSet: 0.0 ms]
      [Ref Proc: 2.5 ms]
      [Ref Enq: 0.1 ms]
      [Redirty Cards: 0.1 ms]
      [Humongous Register: 0.0 ms]
      [Humongous Reclaim: 0.0 ms]
      [Free CSet: 0.1 ms]
   [Eden: 38.0M(38.0M)->0.0B(294.0M) Survivors: 4096.0K->6144.0K Heap: 46.0M(512.0M)->21.2M(512.0M)]
Heap after GC invocations=2 (full 0):
 garbage-first heap   total 524288K, used 21684K [0x00000000e0000000, 0x00000000e0101000, 0x0000000100000000)
  region size 1024K, 6 young (6144K), 6 survivors (6144K)
 Metaspace       used 18327K, capacity 18710K, committed 19072K, reserved 1067008K
  class space    used 2217K, capacity 2317K, committed 2432K, reserved 1048576K
}
 [Times: user=0.13 sys=0.00, real=0.02 secs] 
2020-03-11T15:54:47.520+0800: 2.324: Total time for which application threads were stopped: 0.0180658 seconds, Stopping threads took: 0.0000254 seconds
2020-03-11T15:54:47.968+0800: 2.772: Total time for which application threads were stopped: 0.0002641 seconds, Stopping threads took: 0.0000246 seconds
{Heap before GC invocations=2 (full 0):
 garbage-first heap   total 524288K, used 70836K [0x00000000e0000000, 0x00000000e0101000, 0x0000000100000000)
  region size 1024K, 55 young (56320K), 6 survivors (6144K)
 Metaspace       used 20598K, capacity 21038K, committed 21296K, reserved 1069056K
  class space    used 2461K, capacity 2593K, committed 2688K, reserved 1048576K
2020-03-11T15:54:48.188+0800: 2.992: [GC pause (Metadata GC Threshold) (young) (initial-mark)
Desired survivor size 5767168 bytes, new threshold 15 (max 15)
- age   1:    4809512 bytes,    4809512 total
, 0.0112042 secs]
   [Parallel Time: 8.5 ms, GC Workers: 8]
      [GC Worker Start (ms): Min: 2992.2, Avg: 2992.4, Max: 2993.0, Diff: 0.8]
      [Ext Root Scanning (ms): Min: 0.6, Avg: 1.1, Max: 1.4, Diff: 0.9, Sum: 8.4]
      [Update RS (ms): Min: 0.1, Avg: 0.3, Max: 0.8, Diff: 0.7, Sum: 2.5]
         [Processed Buffers: Min: 1, Avg: 2.0, Max: 3, Diff: 2, Sum: 16]
      [Scan RS (ms): Min: 0.4, Avg: 0.9, Max: 1.1, Diff: 0.7, Sum: 7.0]
      [Code Root Scanning (ms): Min: 0.0, Avg: 0.1, Max: 0.1, Diff: 0.1, Sum: 0.5]
      [Object Copy (ms): Min: 5.8, Avg: 5.9, Max: 6.1, Diff: 0.3, Sum: 47.4]
      [Termination (ms): Min: 0.0, Avg: 0.0, Max: 0.0, Diff: 0.0, Sum: 0.1]
         [Termination Attempts: Min: 1, Avg: 29.0, Max: 41, Diff: 40, Sum: 232]
      [GC Worker Other (ms): Min: 0.0, Avg: 0.0, Max: 0.0, Diff: 0.0, Sum: 0.2]
      [GC Worker Total (ms): Min: 7.7, Avg: 8.3, Max: 8.5, Diff: 0.8, Sum: 66.1]
      [GC Worker End (ms): Min: 3000.7, Avg: 3000.7, Max: 3000.7, Diff: 0.0]
   [Code Root Fixup: 0.0 ms]
   [Code Root Purge: 0.0 ms]
   [Clear CT: 0.1 ms]
   [Other: 2.5 ms]
      [Choose CSet: 0.0 ms]
      [Ref Proc: 1.9 ms]
      [Ref Enq: 0.1 ms]
      [Redirty Cards: 0.1 ms]
      [Humongous Register: 0.0 ms]
      [Humongous Reclaim: 0.0 ms]
      [Free CSet: 0.2 ms]
   [Eden: 49.0M(79.0M)->0.0B(296.0M) Survivors: 6144.0K->11.0M Heap: 69.7M(512.0M)->27.5M(512.0M)]
Heap after GC invocations=3 (full 0):
 garbage-first heap   total 524288K, used 28160K [0x00000000e0000000, 0x00000000e0101000, 0x0000000100000000)
  region size 1024K, 11 young (11264K), 11 survivors (11264K)
 Metaspace       used 20598K, capacity 21038K, committed 21296K, reserved 1069056K
  class space    used 2461K, capacity 2593K, committed 2688K, reserved 1048576K
}
 [Times: user=0.11 sys=0.00, real=0.01 secs] 
2020-03-11T15:54:48.200+0800: 3.004: [GC concurrent-root-region-scan-start]
2020-03-11T15:54:48.200+0800: 3.004: Total time for which application threads were stopped: 0.0117708 seconds, Stopping threads took: 0.0000293 seconds
2020-03-11T15:54:48.205+0800: 3.009: [GC concurrent-root-region-scan-end, 0.0057626 secs]
2020-03-11T15:54:48.205+0800: 3.009: [GC concurrent-mark-start]
2020-03-11T15:54:48.218+0800: 3.022: Total time for which application threads were stopped: 0.0001536 seconds, Stopping threads took: 0.0000304 seconds
2020-03-11T15:54:48.221+0800: 3.024: [GC concurrent-mark-end, 0.0149641 secs]
2020-03-11T15:54:48.221+0800: 3.025: [GC remark 2020-03-11T15:54:48.221+0800: 3.025: [Finalize Marking, 0.0002444 secs] 2020-03-11T15:54:48.221+0800: 3.025: [GC ref-proc, 0.0009073 secs] 2020-03-11T15:54:48.222+0800: 3.026: [Unloading, 0.0034458 secs], 0.0048742 secs]
 [Times: user=0.00 sys=0.00, real=0.00 secs] 
2020-03-11T15:54:48.225+0800: 3.029: Total time for which application threads were stopped: 0.0050936 seconds, Stopping threads took: 0.0000974 seconds
2020-03-11T15:54:48.226+0800: 3.030: [GC cleanup 28M->23M(512M), 0.0005866 secs]
 [Times: user=0.00 sys=0.00, real=0.00 secs] 
2020-03-11T15:54:48.226+0800: 3.030: Total time for which application threads were stopped: 0.0007133 seconds, Stopping threads took: 0.0000393 seconds
2020-03-11T15:54:48.226+0800: 3.030: [GC concurrent-cleanup-start]
2020-03-11T15:54:48.226+0800: 3.030: [GC concurrent-cleanup-end, 0.0000181 secs]
2020-03-11T15:54:48.603+0800: 3.407: Total time for which application threads were stopped: 0.0004292 seconds, Stopping threads took: 0.0000366 seconds
2020-03-11T15:54:48.614+0800: 3.418: Total time for which application threads were stopped: 0.0003306 seconds, Stopping threads took: 0.0000331 seconds
2020-03-11T15:54:48.615+0800: 3.419: Total time for which application threads were stopped: 0.0001316 seconds, Stopping threads took: 0.0000139 seconds
2020-03-11T15:54:48.629+0800: 3.433: Total time for which application threads were stopped: 0.0005193 seconds, Stopping threads took: 0.0000450 seconds
2020-03-11T15:54:48.691+0800: 3.495: Total time for which application threads were stopped: 0.0002937 seconds, Stopping threads took: 0.0000250 seconds
2020-03-11T15:54:48.887+0800: 3.691: Total time for which application threads were stopped: 0.0003645 seconds, Stopping threads took: 0.0000281 seconds
2020-03-11T15:54:49.263+0800: 4.067: Total time for which application threads were stopped: 0.0005462 seconds, Stopping threads took: 0.0000516 seconds
2020-03-11T15:54:49.489+0800: 4.293: Total time for which application threads were stopped: 0.0004296 seconds, Stopping threads took: 0.0000450 seconds
2020-03-11T15:54:49.533+0800: 4.337: Total time for which application threads were stopped: 0.0001405 seconds, Stopping threads took: 0.0000339 seconds
2020-03-11T15:54:49.534+0800: 4.338: Total time for which application threads were stopped: 0.0001293 seconds, Stopping threads took: 0.0000269 seconds
2020-03-11T15:54:49.534+0800: 4.338: Total time for which application threads were stopped: 0.0000731 seconds, Stopping threads took: 0.0000154 seconds
2020-03-11T15:54:49.534+0800: 4.338: Total time for which application threads were stopped: 0.0000754 seconds, Stopping threads took: 0.0000158 seconds
2020-03-11T15:54:49.669+0800: 4.473: Total time for which application threads were stopped: 0.0001582 seconds, Stopping threads took: 0.0000408 seconds
2020-03-11T15:54:49.669+0800: 4.473: Total time for which application threads were stopped: 0.0000743 seconds, Stopping threads took: 0.0000231 seconds
2020-03-11T15:54:49.669+0800: 4.474: Total time for which application threads were stopped: 0.0001851 seconds, Stopping threads took: 0.0000177 seconds
2020-03-11T15:54:49.670+0800: 4.474: Total time for which application threads were stopped: 0.0000681 seconds, Stopping threads took: 0.0000139 seconds
2020-03-11T15:54:49.671+0800: 4.475: Total time for which application threads were stopped: 0.0000916 seconds, Stopping threads took: 0.0000239 seconds
2020-03-11T15:54:49.672+0800: 4.476: Total time for which application threads were stopped: 0.0001297 seconds, Stopping threads took: 0.0000612 seconds
2020-03-11T15:54:49.674+0800: 4.478: Total time for which application threads were stopped: 0.0001197 seconds, Stopping threads took: 0.0000293 seconds
2020-03-11T15:54:49.677+0800: 4.481: Total time for which application threads were stopped: 0.0001563 seconds, Stopping threads took: 0.0000404 seconds
2020-03-11T15:54:49.677+0800: 4.481: Total time for which application threads were stopped: 0.0000820 seconds, Stopping threads took: 0.0000277 seconds
2020-03-11T15:54:49.678+0800: 4.482: Total time for which application threads were stopped: 0.0000928 seconds, Stopping threads took: 0.0000312 seconds
2020-03-11T15:54:49.740+0800: 4.544: Total time for which application threads were stopped: 0.0004096 seconds, Stopping threads took: 0.0001771 seconds
2020-03-11T15:54:49.743+0800: 4.547: Total time for which application threads were stopped: 0.0001817 seconds, Stopping threads took: 0.0000458 seconds
2020-03-11T15:54:49.743+0800: 4.547: Total time for which application threads were stopped: 0.0001347 seconds, Stopping threads took: 0.0000339 seconds
2020-03-11T15:54:49.749+0800: 4.553: Total time for which application threads were stopped: 0.0001813 seconds, Stopping threads took: 0.0000362 seconds
2020-03-11T15:54:49.750+0800: 4.554: Total time for which application threads were stopped: 0.0001293 seconds, Stopping threads took: 0.0000296 seconds
2020-03-11T15:54:49.750+0800: 4.554: Total time for which application threads were stopped: 0.0000943 seconds, Stopping threads took: 0.0000262 seconds
2020-03-11T15:54:49.757+0800: 4.561: Total time for which application threads were stopped: 0.0001986 seconds, Stopping threads took: 0.0000497 seconds
2020-03-11T15:54:49.757+0800: 4.561: Total time for which application threads were stopped: 0.0002394 seconds, Stopping threads took: 0.0001544 seconds
2020-03-11T15:54:49.758+0800: 4.562: Total time for which application threads were stopped: 0.0001493 seconds, Stopping threads took: 0.0000477 seconds
2020-03-11T15:54:49.760+0800: 4.563: Total time for which application threads were stopped: 0.0001451 seconds, Stopping threads took: 0.0000266 seconds
2020-03-11T15:54:49.760+0800: 4.564: Total time for which application threads were stopped: 0.0001197 seconds, Stopping threads took: 0.0000304 seconds
2020-03-11T15:54:49.760+0800: 4.564: Total time for which application threads were stopped: 0.0001378 seconds, Stopping threads took: 0.0000285 seconds
2020-03-11T15:54:49.771+0800: 4.575: Total time for which application threads were stopped: 0.0008830 seconds, Stopping threads took: 0.0000720 seconds
2020-03-11T15:54:49.774+0800: 4.578: Total time for which application threads were stopped: 0.0002152 seconds, Stopping threads took: 0.0000423 seconds
2020-03-11T15:54:49.776+0800: 4.580: Total time for which application threads were stopped: 0.0003514 seconds, Stopping threads took: 0.0000466 seconds
2020-03-11T15:54:49.779+0800: 4.583: Total time for which application threads were stopped: 0.0003876 seconds, Stopping threads took: 0.0001513 seconds
2020-03-11T15:54:49.813+0800: 4.617: Total time for which application threads were stopped: 0.0002021 seconds, Stopping threads took: 0.0000508 seconds
2020-03-11T15:54:49.813+0800: 4.617: Total time for which application threads were stopped: 0.0001147 seconds, Stopping threads took: 0.0000473 seconds
2020-03-11T15:54:49.813+0800: 4.617: Total time for which application threads were stopped: 0.0001039 seconds, Stopping threads took: 0.0000254 seconds
2020-03-11T15:54:49.814+0800: 4.618: Total time for which application threads were stopped: 0.0000824 seconds, Stopping threads took: 0.0000231 seconds
2020-03-11T15:54:49.814+0800: 4.618: Total time for which application threads were stopped: 0.0000754 seconds, Stopping threads took: 0.0000146 seconds
2020-03-11T15:54:49.814+0800: 4.618: Total time for which application threads were stopped: 0.0000685 seconds, Stopping threads took: 0.0000154 seconds
2020-03-11T15:54:49.814+0800: 4.618: Total time for which application threads were stopped: 0.0000797 seconds, Stopping threads took: 0.0000250 seconds
2020-03-11T15:54:49.814+0800: 4.618: Total time for which application threads were stopped: 0.0000701 seconds, Stopping threads took: 0.0000150 seconds
2020-03-11T15:54:49.814+0800: 4.618: Total time for which application threads were stopped: 0.0000828 seconds, Stopping threads took: 0.0000223 seconds
2020-03-11T15:54:49.814+0800: 4.618: Total time for which application threads were stopped: 0.0000770 seconds, Stopping threads took: 0.0000219 seconds
2020-03-11T15:54:49.814+0800: 4.618: Total time for which application threads were stopped: 0.0000697 seconds, Stopping threads took: 0.0000208 seconds
2020-03-11T15:54:49.814+0800: 4.619: Total time for which application threads were stopped: 0.0000727 seconds, Stopping threads took: 0.0000235 seconds
2020-03-11T15:54:49.815+0800: 4.619: Total time for which application threads were stopped: 0.0000778 seconds, Stopping threads took: 0.0000227 seconds
2020-03-11T15:54:49.815+0800: 4.619: Total time for which application threads were stopped: 0.0000651 seconds, Stopping threads took: 0.0000208 seconds
2020-03-11T15:54:49.815+0800: 4.619: Total time for which application threads were stopped: 0.0000685 seconds, Stopping threads took: 0.0000223 seconds
2020-03-11T15:54:49.815+0800: 4.619: Total time for which application threads were stopped: 0.0000862 seconds, Stopping threads took: 0.0000177 seconds
2020-03-11T15:54:49.815+0800: 4.619: Total time for which application threads were stopped: 0.0000943 seconds, Stopping threads took: 0.0000289 seconds
2020-03-11T15:54:49.816+0800: 4.620: Total time for which application threads were stopped: 0.0003499 seconds, Stopping threads took: 0.0000366 seconds
2020-03-11T15:54:49.816+0800: 4.620: Total time for which application threads were stopped: 0.0000816 seconds, Stopping threads took: 0.0000239 seconds
2020-03-11T15:54:49.816+0800: 4.620: Total time for which application threads were stopped: 0.0000778 seconds, Stopping threads took: 0.0000266 seconds
2020-03-11T15:54:49.816+0800: 4.620: Total time for which application threads were stopped: 0.0000858 seconds, Stopping threads took: 0.0000316 seconds
2020-03-11T15:54:49.817+0800: 4.621: Total time for which application threads were stopped: 0.0001336 seconds, Stopping threads took: 0.0000296 seconds
2020-03-11T15:54:49.817+0800: 4.621: Total time for which application threads were stopped: 0.0000758 seconds, Stopping threads took: 0.0000246 seconds
2020-03-11T15:54:49.817+0800: 4.621: Total time for which application threads were stopped: 0.0001193 seconds, Stopping threads took: 0.0000312 seconds
2020-03-11T15:54:49.817+0800: 4.621: Total time for which application threads were stopped: 0.0000928 seconds, Stopping threads took: 0.0000227 seconds
2020-03-11T15:54:49.817+0800: 4.621: Total time for which application threads were stopped: 0.0000966 seconds, Stopping threads took: 0.0000250 seconds
2020-03-11T15:54:49.847+0800: 4.651: Total time for which application threads were stopped: 0.0001905 seconds, Stopping threads took: 0.0000319 seconds
2020-03-11T15:54:49.894+0800: 4.698: Total time for which application threads were stopped: 0.0004823 seconds, Stopping threads took: 0.0000396 seconds
2020-03-11T15:54:49.894+0800: 4.699: Total time for which application threads were stopped: 0.0000862 seconds, Stopping threads took: 0.0000239 seconds
2020-03-11T15:54:49.895+0800: 4.699: Total time for which application threads were stopped: 0.0000635 seconds, Stopping threads took: 0.0000127 seconds
2020-03-11T15:54:49.907+0800: 4.711: Total time for which application threads were stopped: 0.0001771 seconds, Stopping threads took: 0.0000443 seconds
2020-03-11T15:54:49.907+0800: 4.711: Total time for which application threads were stopped: 0.0001316 seconds, Stopping threads took: 0.0000639 seconds
2020-03-11T15:54:49.908+0800: 4.712: Total time for which application threads were stopped: 0.0000920 seconds, Stopping threads took: 0.0000296 seconds
2020-03-11T15:54:49.908+0800: 4.712: Total time for which application threads were stopped: 0.0000804 seconds, Stopping threads took: 0.0000246 seconds
2020-03-11T15:54:49.908+0800: 4.712: Total time for which application threads were stopped: 0.0001066 seconds, Stopping threads took: 0.0000177 seconds
2020-03-11T15:54:49.908+0800: 4.712: Total time for which application threads were stopped: 0.0001109 seconds, Stopping threads took: 0.0000269 seconds
2020-03-11T15:54:49.909+0800: 4.712: Total time for which application threads were stopped: 0.0000878 seconds, Stopping threads took: 0.0000277 seconds
2020-03-11T15:54:49.909+0800: 4.713: Total time for which application threads were stopped: 0.0001232 seconds, Stopping threads took: 0.0000192 seconds
2020-03-11T15:54:49.909+0800: 4.713: Total time for which application threads were stopped: 0.0000824 seconds, Stopping threads took: 0.0000269 seconds
2020-03-11T15:54:49.910+0800: 4.714: Total time for which application threads were stopped: 0.0000889 seconds, Stopping threads took: 0.0000223 seconds
2020-03-11T15:54:49.912+0800: 4.716: Total time for which application threads were stopped: 0.0001490 seconds, Stopping threads took: 0.0000439 seconds
2020-03-11T15:54:49.912+0800: 4.716: Total time for which application threads were stopped: 0.0000885 seconds, Stopping threads took: 0.0000150 seconds
2020-03-11T15:54:49.942+0800: 4.747: Total time for which application threads were stopped: 0.0001613 seconds, Stopping threads took: 0.0000358 seconds
2020-03-11T15:54:49.962+0800: 4.766: Total time for which application threads were stopped: 0.0001289 seconds, Stopping threads took: 0.0000331 seconds
2020-03-11T15:54:49.966+0800: 4.770: Total time for which application threads were stopped: 0.0001705 seconds, Stopping threads took: 0.0000574 seconds
2020-03-11T15:54:49.966+0800: 4.770: Total time for which application threads were stopped: 0.0001436 seconds, Stopping threads took: 0.0000497 seconds
2020-03-11T15:54:49.966+0800: 4.770: Total time for which application threads were stopped: 0.0001159 seconds, Stopping threads took: 0.0000289 seconds
2020-03-11T15:54:49.974+0800: 4.777: Total time for which application threads were stopped: 0.0001409 seconds, Stopping threads took: 0.0000400 seconds
2020-03-11T15:54:49.976+0800: 4.779: Total time for which application threads were stopped: 0.0001532 seconds, Stopping threads took: 0.0000254 seconds
2020-03-11T15:54:49.976+0800: 4.780: Total time for which application threads were stopped: 0.0000885 seconds, Stopping threads took: 0.0000169 seconds
2020-03-11T15:54:49.976+0800: 4.780: Total time for which application threads were stopped: 0.0000731 seconds, Stopping threads took: 0.0000235 seconds
2020-03-11T15:54:49.976+0800: 4.780: Total time for which application threads were stopped: 0.0000731 seconds, Stopping threads took: 0.0000139 seconds
2020-03-11T15:54:49.977+0800: 4.781: Total time for which application threads were stopped: 0.0001532 seconds, Stopping threads took: 0.0000285 seconds
2020-03-11T15:54:50.026+0800: 4.830: Total time for which application threads were stopped: 0.0001297 seconds, Stopping threads took: 0.0000331 seconds
2020-03-11T15:54:50.027+0800: 4.831: Total time for which application threads were stopped: 0.0000828 seconds, Stopping threads took: 0.0000289 seconds
2020-03-11T15:54:50.033+0800: 4.837: Total time for which application threads were stopped: 0.0002040 seconds, Stopping threads took: 0.0000431 seconds
2020-03-11T15:54:50.035+0800: 4.839: Total time for which application threads were stopped: 0.0001936 seconds, Stopping threads took: 0.0000431 seconds
2020-03-11T15:54:50.036+0800: 4.840: Total time for which application threads were stopped: 0.0005150 seconds, Stopping threads took: 0.0000443 seconds
2020-03-11T15:54:50.040+0800: 4.844: Total time for which application threads were stopped: 0.0002302 seconds, Stopping threads took: 0.0000470 seconds
2020-03-11T15:54:50.040+0800: 4.844: Total time for which application threads were stopped: 0.0001467 seconds, Stopping threads took: 0.0000239 seconds
2020-03-11T15:54:50.047+0800: 4.851: Total time for which application threads were stopped: 0.0002171 seconds, Stopping threads took: 0.0000604 seconds
2020-03-11T15:54:50.048+0800: 4.852: Total time for which application threads were stopped: 0.0001274 seconds, Stopping threads took: 0.0000373 seconds
2020-03-11T15:54:50.052+0800: 4.856: Total time for which application threads were stopped: 0.0002225 seconds, Stopping threads took: 0.0000597 seconds
2020-03-11T15:54:50.054+0800: 4.858: Total time for which application threads were stopped: 0.0001940 seconds, Stopping threads took: 0.0000585 seconds
2020-03-11T15:54:50.054+0800: 4.858: Total time for which application threads were stopped: 0.0001070 seconds, Stopping threads took: 0.0000254 seconds
2020-03-11T15:54:50.054+0800: 4.858: Total time for which application threads were stopped: 0.0000928 seconds, Stopping threads took: 0.0000269 seconds
2020-03-11T15:54:50.243+0800: 5.047: Total time for which application threads were stopped: 0.0009188 seconds, Stopping threads took: 0.0000612 seconds
2020-03-11T15:54:50.335+0800: 5.139: Total time for which application threads were stopped: 0.0003484 seconds, Stopping threads took: 0.0000770 seconds
2020-03-11T15:54:50.349+0800: 5.153: Total time for which application threads were stopped: 0.0010316 seconds, Stopping threads took: 0.0000804 seconds
2020-03-11T15:54:50.586+0800: 5.390: Total time for which application threads were stopped: 0.0004250 seconds, Stopping threads took: 0.0000643 seconds
2020-03-11T15:54:50.592+0800: 5.396: Total time for which application threads were stopped: 0.0002841 seconds, Stopping threads took: 0.0000770 seconds
2020-03-11T15:54:50.598+0800: 5.402: Total time for which application threads were stopped: 0.0002999 seconds, Stopping threads took: 0.0001043 seconds
2020-03-11T15:54:50.600+0800: 5.404: Total time for which application threads were stopped: 0.0001409 seconds, Stopping threads took: 0.0000450 seconds
{Heap before GC invocations=4 (full 0):
 garbage-first heap   total 524288K, used 326144K [0x00000000e0000000, 0x00000000e0101000, 0x0000000100000000)
  region size 1024K, 307 young (314368K), 11 survivors (11264K)
 Metaspace       used 32201K, capacity 33132K, committed 33404K, reserved 1079296K
  class space    used 3901K, capacity 4158K, committed 4224K, reserved 1048576K
2020-03-11T15:54:50.639+0800: 5.443: [GC pause (G1 Evacuation Pause) (young) (initial-mark)
Desired survivor size 20447232 bytes, new threshold 15 (max 15)
- age   1:    1482216 bytes,    1482216 total
- age   2:    4804928 bytes,    6287144 total
, 0.0250013 secs]
   [Parallel Time: 17.9 ms, GC Workers: 8]
      [GC Worker Start (ms): Min: 5443.0, Avg: 5443.0, Max: 5443.0, Diff: 0.1]
      [Ext Root Scanning (ms): Min: 1.6, Avg: 1.7, Max: 1.8, Diff: 0.3, Sum: 13.5]
      [Update RS (ms): Min: 0.7, Avg: 1.0, Max: 1.3, Diff: 0.5, Sum: 7.9]
         [Processed Buffers: Min: 1, Avg: 2.5, Max: 7, Diff: 6, Sum: 20]
      [Scan RS (ms): Min: 0.4, Avg: 0.7, Max: 0.9, Diff: 0.5, Sum: 5.5]
      [Code Root Scanning (ms): Min: 0.0, Avg: 0.2, Max: 0.5, Diff: 0.5, Sum: 1.8]
      [Object Copy (ms): Min: 13.8, Avg: 14.1, Max: 14.2, Diff: 0.4, Sum: 112.8]
      [Termination (ms): Min: 0.0, Avg: 0.0, Max: 0.0, Diff: 0.0, Sum: 0.3]
         [Termination Attempts: Min: 1, Avg: 217.0, Max: 293, Diff: 292, Sum: 1736]
      [GC Worker Other (ms): Min: 0.0, Avg: 0.1, Max: 0.1, Diff: 0.1, Sum: 0.7]
      [GC Worker Total (ms): Min: 17.8, Avg: 17.8, Max: 17.9, Diff: 0.1, Sum: 142.5]
      [GC Worker End (ms): Min: 5460.8, Avg: 5460.8, Max: 5460.8, Diff: 0.1]
   [Code Root Fixup: 0.1 ms]
   [Code Root Purge: 0.1 ms]
   [Clear CT: 0.3 ms]
   [Other: 6.6 ms]
      [Choose CSet: 0.0 ms]
      [Ref Proc: 5.3 ms]
      [Ref Enq: 0.1 ms]
      [Redirty Cards: 0.1 ms]
      [Humongous Register: 0.0 ms]
      [Humongous Reclaim: 0.0 ms]
      [Free CSet: 0.7 ms]
   [Eden: 296.0M(296.0M)->0.0B(281.0M) Survivors: 11.0M->26.0M Heap: 318.5M(512.0M)->37.5M(512.0M)]
Heap after GC invocations=5 (full 0):
 garbage-first heap   total 524288K, used 38400K [0x00000000e0000000, 0x00000000e0101000, 0x0000000100000000)
  region size 1024K, 26 young (26624K), 26 survivors (26624K)
 Metaspace       used 32201K, capacity 33132K, committed 33404K, reserved 1079296K
  class space    used 3901K, capacity 4158K, committed 4224K, reserved 1048576K
}
 [Times: user=0.16 sys=0.00, real=0.03 secs] 
2020-03-11T15:54:50.664+0800: 5.468: [GC concurrent-root-region-scan-start]
2020-03-11T15:54:50.664+0800: 5.468: Total time for which application threads were stopped: 0.0258423 seconds, Stopping threads took: 0.0001697 seconds
2020-03-11T15:54:50.675+0800: 5.479: Total time for which application threads were stopped: 0.0003645 seconds, Stopping threads took: 0.0000966 seconds
2020-03-11T15:54:50.676+0800: 5.480: Total time for which application threads were stopped: 0.0010285 seconds, Stopping threads took: 0.0008742 seconds
2020-03-11T15:54:50.676+0800: 5.480: Total time for which application threads were stopped: 0.0001459 seconds, Stopping threads took: 0.0000493 seconds
2020-03-11T15:54:50.686+0800: 5.490: [GC concurrent-root-region-scan-end, 0.0216167 secs]
2020-03-11T15:54:50.686+0800: 5.490: [GC concurrent-mark-start]
2020-03-11T15:54:50.708+0800: 5.511: [GC concurrent-mark-end, 0.0217645 secs]
2020-03-11T15:54:50.708+0800: 5.512: [GC remark 2020-03-11T15:54:50.708+0800: 5.512: [Finalize Marking, 0.0001578 secs] 2020-03-11T15:54:50.708+0800: 5.512: [GC ref-proc, 0.0010643 secs] 2020-03-11T15:54:50.709+0800: 5.513: [Unloading, 0.0058173 secs], 0.0074228 secs]
 [Times: user=0.11 sys=0.00, real=0.01 secs] 
2020-03-11T15:54:50.715+0800: 5.519: Total time for which application threads were stopped: 0.0077915 seconds, Stopping threads took: 0.0000597 seconds
2020-03-11T15:54:50.716+0800: 5.520: [GC cleanup 46M->45M(512M), 0.0005066 secs]
 [Times: user=0.00 sys=0.00, real=0.00 secs] 
2020-03-11T15:54:50.716+0800: 5.520: Total time for which application threads were stopped: 0.0007949 seconds, Stopping threads took: 0.0000635 seconds
2020-03-11T15:54:50.716+0800: 5.520: [GC concurrent-cleanup-start]
2020-03-11T15:54:50.716+0800: 5.520: [GC concurrent-cleanup-end, 0.0000162 secs]
2020-03-11T15:54:50.722+0800: 5.525: Total time for which application threads were stopped: 0.0017649 seconds, Stopping threads took: 0.0001263 seconds
2020-03-11T15:54:50.752+0800: 5.557: Total time for which application threads were stopped: 0.0004711 seconds, Stopping threads took: 0.0001024 seconds
2020-03-11T15:54:50.769+0800: 5.573: Total time for which application threads were stopped: 0.0011817 seconds, Stopping threads took: 0.0009762 seconds
2020-03-11T15:54:50.797+0800: 5.601: Total time for which application threads were stopped: 0.0003303 seconds, Stopping threads took: 0.0001159 seconds
2020-03-11T15:54:50.810+0800: 5.614: Total time for which application threads were stopped: 0.0008368 seconds, Stopping threads took: 0.0004557 seconds
2020-03-11T15:54:50.836+0800: 5.640: Total time for which application threads were stopped: 0.0006636 seconds, Stopping threads took: 0.0002302 seconds
2020-03-11T15:54:51.105+0800: 5.909: Total time for which application threads were stopped: 0.0004265 seconds, Stopping threads took: 0.0000878 seconds
2020-03-11T15:54:51.110+0800: 5.914: Total time for which application threads were stopped: 0.0003064 seconds, Stopping threads took: 0.0000731 seconds
{Heap before GC invocations=6 (full 0):
 garbage-first heap   total 524288K, used 324608K [0x00000000e0000000, 0x00000000e0101000, 0x0000000100000000)
  region size 1024K, 307 young (314368K), 26 survivors (26624K)
 Metaspace       used 33072K, capacity 34048K, committed 34300K, reserved 1079296K
  class space    used 4023K, capacity 4300K, committed 4352K, reserved 1048576K
2020-03-11T15:54:51.264+0800: 6.068: [GC pause (G1 Evacuation Pause) (young)
Desired survivor size 20447232 bytes, new threshold 15 (max 15)
- age   1:    9511920 bytes,    9511920 total
- age   2:    1361312 bytes,   10873232 total
- age   3:    4799376 bytes,   15672608 total
, 0.0192356 secs]
   [Parallel Time: 16.4 ms, GC Workers: 8]
      [GC Worker Start (ms): Min: 6068.1, Avg: 6068.1, Max: 6068.2, Diff: 0.1]
      [Ext Root Scanning (ms): Min: 0.4, Avg: 1.2, Max: 3.5, Diff: 3.1, Sum: 9.3]
      [Update RS (ms): Min: 0.0, Avg: 1.0, Max: 2.2, Diff: 2.2, Sum: 8.2]
         [Processed Buffers: Min: 0, Avg: 2.4, Max: 6, Diff: 6, Sum: 19]
      [Scan RS (ms): Min: 0.2, Avg: 0.9, Max: 1.3, Diff: 1.1, Sum: 6.8]
      [Code Root Scanning (ms): Min: 0.0, Avg: 1.0, Max: 6.5, Diff: 6.5, Sum: 8.4]
      [Object Copy (ms): Min: 6.6, Avg: 12.1, Max: 13.2, Diff: 6.6, Sum: 96.5]
      [Termination (ms): Min: 0.0, Avg: 0.1, Max: 0.2, Diff: 0.2, Sum: 1.0]
         [Termination Attempts: Min: 1, Avg: 1.0, Max: 1, Diff: 0, Sum: 8]
      [GC Worker Other (ms): Min: 0.0, Avg: 0.0, Max: 0.0, Diff: 0.0, Sum: 0.2]
      [GC Worker Total (ms): Min: 16.1, Avg: 16.3, Max: 16.4, Diff: 0.2, Sum: 130.4]
      [GC Worker End (ms): Min: 6084.3, Avg: 6084.4, Max: 6084.4, Diff: 0.1]
   [Code Root Fixup: 0.1 ms]
   [Code Root Purge: 0.0 ms]
   [Clear CT: 0.2 ms]
   [Other: 2.5 ms]
      [Choose CSet: 0.0 ms]
      [Ref Proc: 1.6 ms]
      [Ref Enq: 0.1 ms]
      [Redirty Cards: 0.1 ms]
      [Humongous Register: 0.0 ms]
      [Humongous Reclaim: 0.0 ms]
      [Free CSet: 0.6 ms]
   [Eden: 281.0M(281.0M)->0.0B(285.0M) Survivors: 26.0M->22.0M Heap: 317.0M(512.0M)->32.0M(512.0M)]
Heap after GC invocations=7 (full 0):
 garbage-first heap   total 524288K, used 32768K [0x00000000e0000000, 0x00000000e0101000, 0x0000000100000000)
  region size 1024K, 22 young (22528K), 22 survivors (22528K)
 Metaspace       used 33072K, capacity 34048K, committed 34300K, reserved 1079296K
  class space    used 4023K, capacity 4300K, committed 4352K, reserved 1048576K
}
 [Times: user=0.13 sys=0.00, real=0.02 secs] 
2020-03-11T15:54:51.284+0800: 6.088: Total time for which application threads were stopped: 0.0198068 seconds, Stopping threads took: 0.0000747 seconds
2020-03-11T15:54:51.373+0800: 6.177: Total time for which application threads were stopped: 0.0001736 seconds, Stopping threads took: 0.0000385 seconds
2020-03-11T15:54:51.396+0800: 6.200: Total time for which application threads were stopped: 0.0002132 seconds, Stopping threads took: 0.0000608 seconds
2020-03-11T15:54:51.476+0800: 6.280: Total time for which application threads were stopped: 0.0002194 seconds, Stopping threads took: 0.0000508 seconds
2020-03-11T15:54:51.477+0800: 6.281: Total time for which application threads were stopped: 0.0001617 seconds, Stopping threads took: 0.0000354 seconds
2020-03-11T15:54:51.506+0800: 6.310: Total time for which application threads were stopped: 0.0001586 seconds, Stopping threads took: 0.0000366 seconds
2020-03-11T15:54:51.525+0800: 6.329: Total time for which application threads were stopped: 0.0001578 seconds, Stopping threads took: 0.0000373 seconds
2020-03-11T15:54:51.572+0800: 6.376: Total time for which application threads were stopped: 0.0005735 seconds, Stopping threads took: 0.0000312 seconds
2020-03-11T15:54:51.583+0800: 6.387: Total time for which application threads were stopped: 0.0001401 seconds, Stopping threads took: 0.0000373 seconds
2020-03-11T15:54:51.585+0800: 6.389: Total time for which application threads were stopped: 0.0000708 seconds, Stopping threads took: 0.0000196 seconds
2020-03-11T15:54:51.963+0800: 6.767: Total time for which application threads were stopped: 0.0002964 seconds, Stopping threads took: 0.0000600 seconds
2020-03-11T15:54:51.963+0800: 6.767: Total time for which application threads were stopped: 0.0000689 seconds, Stopping threads took: 0.0000273 seconds
2020-03-11T15:54:51.963+0800: 6.767: Total time for which application threads were stopped: 0.0000866 seconds, Stopping threads took: 0.0000443 seconds
2020-03-11T15:54:51.963+0800: 6.767: Total time for which application threads were stopped: 0.0000624 seconds, Stopping threads took: 0.0000262 seconds
2020-03-11T15:54:51.963+0800: 6.767: Total time for which application threads were stopped: 0.0000627 seconds, Stopping threads took: 0.0000239 seconds
2020-03-11T15:54:51.964+0800: 6.767: Total time for which application threads were stopped: 0.0000793 seconds, Stopping threads took: 0.0000208 seconds
2020-03-11T15:54:51.986+0800: 6.790: Total time for which application threads were stopped: 0.0007079 seconds, Stopping threads took: 0.0000470 seconds
2020-03-11T15:54:52.018+0800: 6.822: Total time for which application threads were stopped: 0.0001490 seconds, Stopping threads took: 0.0000412 seconds
2020-03-11T15:54:52.023+0800: 6.826: Total time for which application threads were stopped: 0.0001478 seconds, Stopping threads took: 0.0000350 seconds
2020-03-11T15:54:52.023+0800: 6.827: Total time for which application threads were stopped: 0.0000901 seconds, Stopping threads took: 0.0000204 seconds
2020-03-11T15:54:52.024+0800: 6.828: Total time for which application threads were stopped: 0.0001043 seconds, Stopping threads took: 0.0000331 seconds
2020-03-11T15:54:52.026+0800: 6.830: Total time for which application threads were stopped: 0.0001671 seconds, Stopping threads took: 0.0000343 seconds
{Heap before GC invocations=7 (full 0):
 garbage-first heap   total 524288K, used 324608K [0x00000000e0000000, 0x00000000e0101000, 0x0000000100000000)
  region size 1024K, 307 young (314368K), 22 survivors (22528K)
 Metaspace       used 36646K, capacity 37810K, committed 37884K, reserved 1083392K
  class space    used 4521K, capacity 4793K, committed 4864K, reserved 1048576K
2020-03-11T15:54:52.167+0800: 6.970: [GC pause (G1 Evacuation Pause) (young)
Desired survivor size 20447232 bytes, new threshold 15 (max 15)
- age   1:    1230688 bytes,    1230688 total
- age   2:    9067784 bytes,   10298472 total
- age   3:    1353976 bytes,   11652448 total
- age   4:    4798992 bytes,   16451440 total
, 0.0250879 secs]
   [Parallel Time: 21.2 ms, GC Workers: 8]
      [GC Worker Start (ms): Min: 6970.6, Avg: 6970.7, Max: 6971.3, Diff: 0.7]
      [Ext Root Scanning (ms): Min: 0.2, Avg: 1.4, Max: 3.9, Diff: 3.7, Sum: 11.2]
      [Update RS (ms): Min: 0.0, Avg: 1.3, Max: 2.1, Diff: 2.1, Sum: 10.6]
         [Processed Buffers: Min: 0, Avg: 2.5, Max: 5, Diff: 5, Sum: 20]
      [Scan RS (ms): Min: 0.1, Avg: 0.6, Max: 1.0, Diff: 0.9, Sum: 4.8]
      [Code Root Scanning (ms): Min: 0.0, Avg: 4.3, Max: 17.2, Diff: 17.2, Sum: 34.5]
      [Object Copy (ms): Min: 0.3, Avg: 13.2, Max: 17.6, Diff: 17.3, Sum: 105.8]
      [Termination (ms): Min: 0.0, Avg: 0.2, Max: 0.2, Diff: 0.2, Sum: 1.3]
         [Termination Attempts: Min: 1, Avg: 34.5, Max: 48, Diff: 47, Sum: 276]
      [GC Worker Other (ms): Min: 0.0, Avg: 0.0, Max: 0.0, Diff: 0.0, Sum: 0.2]
      [GC Worker Total (ms): Min: 20.5, Avg: 21.1, Max: 21.2, Diff: 0.7, Sum: 168.5]
      [GC Worker End (ms): Min: 6991.7, Avg: 6991.8, Max: 6991.8, Diff: 0.0]
   [Code Root Fixup: 0.1 ms]
   [Code Root Purge: 0.0 ms]
   [Clear CT: 0.3 ms]
   [Other: 3.4 ms]
      [Choose CSet: 0.0 ms]
      [Ref Proc: 2.2 ms]
      [Ref Enq: 0.2 ms]
      [Redirty Cards: 0.1 ms]
      [Humongous Register: 0.0 ms]
      [Humongous Reclaim: 0.0 ms]
      [Free CSet: 0.7 ms]
   [Eden: 285.0M(285.0M)->0.0B(285.0M) Survivors: 22.0M->22.0M Heap: 317.0M(512.0M)->32.0M(512.0M)]
Heap after GC invocations=8 (full 0):
 garbage-first heap   total 524288K, used 32768K [0x00000000e0000000, 0x00000000e0101000, 0x0000000100000000)
  region size 1024K, 22 young (22528K), 22 survivors (22528K)
 Metaspace       used 36646K, capacity 37810K, committed 37884K, reserved 1083392K
  class space    used 4521K, capacity 4793K, committed 4864K, reserved 1048576K
}
 [Times: user=0.08 sys=0.00, real=0.02 secs] 
2020-03-11T15:54:52.192+0800: 6.996: Total time for which application threads were stopped: 0.0257315 seconds, Stopping threads took: 0.0000381 seconds
2020-03-11T15:54:52.428+0800: 7.232: Total time for which application threads were stopped: 0.0002564 seconds, Stopping threads took: 0.0000350 seconds
2020-03-11T15:54:52.428+0800: 7.232: Total time for which application threads were stopped: 0.0001659 seconds, Stopping threads took: 0.0000408 seconds
2020-03-11T15:54:52.444+0800: 7.248: Total time for which application threads were stopped: 0.0002182 seconds, Stopping threads took: 0.0000554 seconds
2020-03-11T15:54:52.445+0800: 7.249: Total time for which application threads were stopped: 0.0002209 seconds, Stopping threads took: 0.0000404 seconds
2020-03-11T15:54:52.447+0800: 7.251: Total time for which application threads were stopped: 0.0002706 seconds, Stopping threads took: 0.0000932 seconds
2020-03-11T15:54:52.447+0800: 7.251: Total time for which application threads were stopped: 0.0001147 seconds, Stopping threads took: 0.0000400 seconds
2020-03-11T15:54:52.538+0800: 7.342: Total time for which application threads were stopped: 0.0002729 seconds, Stopping threads took: 0.0000400 seconds
2020-03-11T15:54:52.539+0800: 7.342: Total time for which application threads were stopped: 0.0001724 seconds, Stopping threads took: 0.0000358 seconds
2020-03-11T15:54:52.561+0800: 7.365: Total time for which application threads were stopped: 0.0002336 seconds, Stopping threads took: 0.0000604 seconds
2020-03-11T15:54:52.563+0800: 7.367: Total time for which application threads were stopped: 0.0002144 seconds, Stopping threads took: 0.0000470 seconds
2020-03-11T15:54:52.564+0800: 7.367: Total time for which application threads were stopped: 0.0001617 seconds, Stopping threads took: 0.0000431 seconds
2020-03-11T15:54:52.568+0800: 7.372: Total time for which application threads were stopped: 0.0003133 seconds, Stopping threads took: 0.0000724 seconds
2020-03-11T15:54:52.606+0800: 7.410: Total time for which application threads were stopped: 0.0003041 seconds, Stopping threads took: 0.0000577 seconds
2020-03-11T15:54:52.607+0800: 7.410: Total time for which application threads were stopped: 0.0001825 seconds, Stopping threads took: 0.0000427 seconds
2020-03-11T15:54:52.612+0800: 7.416: Total time for which application threads were stopped: 0.0002960 seconds, Stopping threads took: 0.0000612 seconds
2020-03-11T15:54:53.067+0800: 7.870: Total time for which application threads were stopped: 0.0004026 seconds, Stopping threads took: 0.0000778 seconds
2020-03-11T15:54:53.130+0800: 7.934: Total time for which application threads were stopped: 0.0009169 seconds, Stopping threads took: 0.0000458 seconds
2020-03-11T15:54:53.147+0800: 7.951: Total time for which application threads were stopped: 0.0005397 seconds, Stopping threads took: 0.0000319 seconds
2020-03-11T15:54:53.175+0800: 7.979: Total time for which application threads were stopped: 0.0004785 seconds, Stopping threads took: 0.0003168 seconds
2020-03-11T15:54:53.187+0800: 7.991: Total time for which application threads were stopped: 0.0001890 seconds, Stopping threads took: 0.0000404 seconds
2020-03-11T15:54:53.189+0800: 7.993: Total time for which application threads were stopped: 0.0004835 seconds, Stopping threads took: 0.0000158 seconds
2020-03-11T15:54:53.260+0800: 8.064: Total time for which application threads were stopped: 0.0009346 seconds, Stopping threads took: 0.0000400 seconds
2020-03-11T15:54:53.284+0800: 8.088: Total time for which application threads were stopped: 0.0008110 seconds, Stopping threads took: 0.0000439 seconds
{Heap before GC invocations=8 (full 0):
 garbage-first heap   total 524288K, used 324608K [0x00000000e0000000, 0x00000000e0101000, 0x0000000100000000)
  region size 1024K, 307 young (314368K), 22 survivors (22528K)
 Metaspace       used 41204K, capacity 42814K, committed 43132K, reserved 1087488K
  class space    used 5101K, capacity 5435K, committed 5504K, reserved 1048576K
2020-03-11T15:54:53.336+0800: 8.140: [GC pause (G1 Evacuation Pause) (young)
Desired survivor size 20447232 bytes, new threshold 15 (max 15)
- age   1:    2912920 bytes,    2912920 total
- age   2:     520328 bytes,    3433248 total
- age   3:    6780576 bytes,   10213824 total
- age   4:    1353272 bytes,   11567096 total
- age   5:    4798992 bytes,   16366088 total
, 0.0365104 secs]
   [Parallel Time: 31.0 ms, GC Workers: 8]
      [GC Worker Start (ms): Min: 8140.3, Avg: 8140.4, Max: 8140.4, Diff: 0.1]
      [Ext Root Scanning (ms): Min: 0.6, Avg: 1.7, Max: 4.3, Diff: 3.7, Sum: 13.8]
      [Update RS (ms): Min: 0.0, Avg: 1.8, Max: 2.7, Diff: 2.7, Sum: 14.4]
         [Processed Buffers: Min: 0, Avg: 2.5, Max: 7, Diff: 7, Sum: 20]
      [Scan RS (ms): Min: 0.1, Avg: 0.4, Max: 0.6, Diff: 0.5, Sum: 3.1]
      [Code Root Scanning (ms): Min: 0.0, Avg: 3.6, Max: 26.2, Diff: 26.2, Sum: 28.9]
      [Object Copy (ms): Min: 0.1, Avg: 22.6, Max: 26.4, Diff: 26.3, Sum: 180.5]
      [Termination (ms): Min: 0.0, Avg: 0.5, Max: 0.8, Diff: 0.8, Sum: 3.6]
         [Termination Attempts: Min: 1, Avg: 296.1, Max: 368, Diff: 367, Sum: 2369]
      [GC Worker Other (ms): Min: 0.0, Avg: 0.0, Max: 0.0, Diff: 0.0, Sum: 0.2]
      [GC Worker Total (ms): Min: 30.4, Avg: 30.6, Max: 30.9, Diff: 0.5, Sum: 244.6]
      [GC Worker End (ms): Min: 8170.8, Avg: 8170.9, Max: 8171.3, Diff: 0.5]
   [Code Root Fixup: 0.1 ms]
   [Code Root Purge: 0.0 ms]
   [Clear CT: 0.3 ms]
   [Other: 5.2 ms]
      [Choose CSet: 0.0 ms]
      [Ref Proc: 4.0 ms]
      [Ref Enq: 0.1 ms]
      [Redirty Cards: 0.1 ms]
      [Humongous Register: 0.0 ms]
      [Humongous Reclaim: 0.0 ms]
      [Free CSet: 0.7 ms]
   [Eden: 285.0M(285.0M)->0.0B(268.0M) Survivors: 22.0M->39.0M Heap: 317.0M(512.0M)->48.5M(512.0M)]
Heap after GC invocations=9 (full 0):
 garbage-first heap   total 524288K, used 49664K [0x00000000e0000000, 0x00000000e0101000, 0x0000000100000000)
  region size 1024K, 39 young (39936K), 39 survivors (39936K)
 Metaspace       used 41204K, capacity 42814K, committed 43132K, reserved 1087488K
  class space    used 5101K, capacity 5435K, committed 5504K, reserved 1048576K
}
 [Times: user=0.25 sys=0.00, real=0.04 secs] 
2020-03-11T15:54:53.373+0800: 8.177: Total time for which application threads were stopped: 0.0372340 seconds, Stopping threads took: 0.0000600 seconds
2020-03-11T15:54:53.424+0800: 8.228: Total time for which application threads were stopped: 0.0007729 seconds, Stopping threads took: 0.0000308 seconds
2020-03-11T15:54:53.457+0800: 8.261: Total time for which application threads were stopped: 0.0002267 seconds, Stopping threads took: 0.0000350 seconds
2020-03-11T15:54:53.507+0800: 8.311: Total time for which application threads were stopped: 0.0002802 seconds, Stopping threads took: 0.0000443 seconds
2020-03-11T15:54:53.554+0800: 8.358: Total time for which application threads were stopped: 0.0004215 seconds, Stopping threads took: 0.0000751 seconds
2020-03-11T15:54:53.555+0800: 8.359: Total time for which application threads were stopped: 0.0002444 seconds, Stopping threads took: 0.0000754 seconds
2020-03-11T15:54:53.558+0800: 8.362: Total time for which application threads were stopped: 0.0002052 seconds, Stopping threads took: 0.0000693 seconds
2020-03-11T15:54:53.559+0800: 8.363: Total time for which application threads were stopped: 0.0001374 seconds, Stopping threads took: 0.0000447 seconds
2020-03-11T15:54:53.588+0800: 8.392: Total time for which application threads were stopped: 0.0004250 seconds, Stopping threads took: 0.0000885 seconds
2020-03-11T15:54:53.590+0800: 8.393: Total time for which application threads were stopped: 0.0003849 seconds, Stopping threads took: 0.0002005 seconds
2020-03-11T15:54:53.598+0800: 8.402: Total time for which application threads were stopped: 0.0003060 seconds, Stopping threads took: 0.0000677 seconds
2020-03-11T15:54:53.637+0800: 8.441: Total time for which application threads were stopped: 0.0006690 seconds, Stopping threads took: 0.0002833 seconds
2020-03-11T15:54:53.637+0800: 8.441: Total time for which application threads were stopped: 0.0001655 seconds, Stopping threads took: 0.0000339 seconds
{Heap before GC invocations=9 (full 0):
 garbage-first heap   total 524288K, used 324096K [0x00000000e0000000, 0x00000000e0101000, 0x0000000100000000)
  region size 1024K, 307 young (314368K), 39 survivors (39936K)
 Metaspace       used 42151K, capacity 43932K, committed 44028K, reserved 1087488K
  class space    used 5241K, capacity 5594K, committed 5632K, reserved 1048576K
2020-03-11T15:54:53.864+0800: 8.668: [GC pause (G1 Evacuation Pause) (young)
Desired survivor size 20447232 bytes, new threshold 4 (max 15)
- age   1:   12718584 bytes,   12718584 total
- age   2:    2834000 bytes,   15552584 total
- age   3:     507392 bytes,   16059976 total
- age   4:    6717752 bytes,   22777728 total
- age   5:    1351560 bytes,   24129288 total
- age   6:    4798992 bytes,   28928280 total
, 0.0321542 secs]
   [Parallel Time: 28.9 ms, GC Workers: 8]
      [GC Worker Start (ms): Min: 8667.7, Avg: 8667.7, Max: 8667.8, Diff: 0.1]
      [Ext Root Scanning (ms): Min: 0.5, Avg: 1.3, Max: 4.4, Diff: 3.9, Sum: 10.3]
      [Update RS (ms): Min: 0.0, Avg: 1.9, Max: 2.6, Diff: 2.6, Sum: 15.3]
         [Processed Buffers: Min: 0, Avg: 2.5, Max: 8, Diff: 8, Sum: 20]
      [Scan RS (ms): Min: 0.1, Avg: 0.3, Max: 0.6, Diff: 0.5, Sum: 2.6]
      [Code Root Scanning (ms): Min: 0.0, Avg: 0.7, Max: 1.8, Diff: 1.8, Sum: 5.5]
      [Object Copy (ms): Min: 23.2, Avg: 24.4, Max: 25.4, Diff: 2.2, Sum: 195.6]
      [Termination (ms): Min: 0.0, Avg: 0.0, Max: 0.0, Diff: 0.0, Sum: 0.2]
         [Termination Attempts: Min: 1, Avg: 152.4, Max: 190, Diff: 189, Sum: 1219]
      [GC Worker Other (ms): Min: 0.0, Avg: 0.1, Max: 0.1, Diff: 0.1, Sum: 0.6]
      [GC Worker Total (ms): Min: 28.7, Avg: 28.8, Max: 28.8, Diff: 0.1, Sum: 230.0]
      [GC Worker End (ms): Min: 8696.5, Avg: 8696.5, Max: 8696.5, Diff: 0.1]
   [Code Root Fixup: 0.1 ms]
   [Code Root Purge: 0.0 ms]
   [Clear CT: 0.2 ms]
   [Other: 2.9 ms]
      [Choose CSet: 0.0 ms]
      [Ref Proc: 1.9 ms]
      [Ref Enq: 0.1 ms]
      [Redirty Cards: 0.1 ms]
      [Humongous Register: 0.0 ms]
      [Humongous Reclaim: 0.0 ms]
      [Free CSet: 0.6 ms]
   [Eden: 268.0M(268.0M)->0.0B(278.0M) Survivors: 39.0M->29.0M Heap: 316.5M(512.0M)->51.4M(512.0M)]
Heap after GC invocations=10 (full 0):
 garbage-first heap   total 524288K, used 52630K [0x00000000e0000000, 0x00000000e0101000, 0x0000000100000000)
  region size 1024K, 29 young (29696K), 29 survivors (29696K)
 Metaspace       used 42151K, capacity 43932K, committed 44028K, reserved 1087488K
  class space    used 5241K, capacity 5594K, committed 5632K, reserved 1048576K
}
 [Times: user=0.25 sys=0.00, real=0.03 secs] 
2020-03-11T15:54:53.896+0800: 8.700: Total time for which application threads were stopped: 0.0328556 seconds, Stopping threads took: 0.0001147 seconds
2020-03-11T15:54:53.901+0800: 8.705: Total time for which application threads were stopped: 0.0006382 seconds, Stopping threads took: 0.0002144 seconds
2020-03-11T15:54:53.902+0800: 8.706: Total time for which application threads were stopped: 0.0002082 seconds, Stopping threads took: 0.0000670 seconds
2020-03-11T15:54:53.902+0800: 8.706: Total time for which application threads were stopped: 0.0001805 seconds, Stopping threads took: 0.0000489 seconds
2020-03-11T15:54:53.902+0800: 8.706: Total time for which application threads were stopped: 0.0001578 seconds, Stopping threads took: 0.0000466 seconds
2020-03-11T15:54:53.902+0800: 8.706: Total time for which application threads were stopped: 0.0001513 seconds, Stopping threads took: 0.0000393 seconds
2020-03-11T15:54:53.903+0800: 8.707: Total time for which application threads were stopped: 0.0002275 seconds, Stopping threads took: 0.0000604 seconds
{Heap before GC invocations=10 (full 0):
 garbage-first heap   total 524288K, used 337302K [0x00000000e0000000, 0x00000000e0101000, 0x0000000100000000)
  region size 1024K, 307 young (314368K), 29 survivors (29696K)
 Metaspace       used 42183K, capacity 43956K, committed 44028K, reserved 1087488K
  class space    used 5243K, capacity 5598K, committed 5632K, reserved 1048576K
2020-03-11T15:54:54.144+0800: 8.948: [GC pause (G1 Evacuation Pause) (young)
Desired survivor size 20447232 bytes, new threshold 3 (max 15)
- age   1:    5531328 bytes,    5531328 total
- age   2:   12621656 bytes,   18152984 total
- age   3:    2831824 bytes,   20984808 total
- age   4:     507136 bytes,   21491944 total
, 0.0207144 secs]
   [Parallel Time: 17.8 ms, GC Workers: 8]
      [GC Worker Start (ms): Min: 8948.6, Avg: 8948.6, Max: 8948.6, Diff: 0.1]
      [Ext Root Scanning (ms): Min: 0.4, Avg: 0.7, Max: 1.9, Diff: 1.5, Sum: 5.4]
      [Update RS (ms): Min: 1.1, Avg: 2.3, Max: 3.0, Diff: 1.9, Sum: 18.5]
         [Processed Buffers: Min: 1, Avg: 4.6, Max: 8, Diff: 7, Sum: 37]
      [Scan RS (ms): Min: 0.1, Avg: 0.3, Max: 0.5, Diff: 0.4, Sum: 2.8]
      [Code Root Scanning (ms): Min: 0.0, Avg: 0.1, Max: 0.3, Diff: 0.3, Sum: 1.0]
      [Object Copy (ms): Min: 13.9, Avg: 14.2, Max: 14.3, Diff: 0.4, Sum: 113.5]
      [Termination (ms): Min: 0.0, Avg: 0.0, Max: 0.0, Diff: 0.0, Sum: 0.0]
         [Termination Attempts: Min: 2, Avg: 10.8, Max: 17, Diff: 15, Sum: 86]
      [GC Worker Other (ms): Min: 0.0, Avg: 0.1, Max: 0.1, Diff: 0.1, Sum: 0.7]
      [GC Worker Total (ms): Min: 17.7, Avg: 17.7, Max: 17.8, Diff: 0.1, Sum: 141.9]
      [GC Worker End (ms): Min: 8966.3, Avg: 8966.3, Max: 8966.4, Diff: 0.1]
   [Code Root Fixup: 0.1 ms]
   [Code Root Purge: 0.0 ms]
   [Clear CT: 0.3 ms]
   [Other: 2.5 ms]
      [Choose CSet: 0.0 ms]
      [Ref Proc: 1.3 ms]
      [Ref Enq: 0.1 ms]
      [Redirty Cards: 0.1 ms]
      [Humongous Register: 0.0 ms]
      [Humongous Reclaim: 0.0 ms]
      [Free CSet: 0.7 ms]
   [Eden: 278.0M(278.0M)->0.0B(283.0M) Survivors: 29.0M->24.0M Heap: 329.4M(512.0M)->52.0M(512.0M)]
Heap after GC invocations=11 (full 0):
 garbage-first heap   total 524288K, used 53248K [0x00000000e0000000, 0x00000000e0101000, 0x0000000100000000)
  region size 1024K, 24 young (24576K), 24 survivors (24576K)
 Metaspace       used 42183K, capacity 43956K, committed 44028K, reserved 1087488K
  class space    used 5243K, capacity 5598K, committed 5632K, reserved 1048576K
}
 [Times: user=0.17 sys=0.00, real=0.02 secs] 
2020-03-11T15:54:54.166+0800: 8.970: Total time for which application threads were stopped: 0.0216475 seconds, Stopping threads took: 0.0001463 seconds
2020-03-11T15:54:54.167+0800: 8.971: Total time for which application threads were stopped: 0.0004592 seconds, Stopping threads took: 0.0000716 seconds
2020-03-11T15:54:54.168+0800: 8.972: Total time for which application threads were stopped: 0.0006609 seconds, Stopping threads took: 0.0000223 seconds
2020-03-11T15:54:54.247+0800: 9.051: Total time for which application threads were stopped: 0.0012614 seconds, Stopping threads took: 0.0000908 seconds
2020-03-11T15:54:54.439+0800: 9.243: Total time for which application threads were stopped: 0.0046791 seconds, Stopping threads took: 0.0043950 seconds
2020-03-11T15:54:54.452+0800: 9.257: Total time for which application threads were stopped: 0.0003872 seconds, Stopping threads took: 0.0000781 seconds
2020-03-11T15:54:54.489+0800: 9.293: Total time for which application threads were stopped: 0.0003422 seconds, Stopping threads took: 0.0000651 seconds
2020-03-11T15:54:54.511+0800: 9.315: Total time for which application threads were stopped: 0.0014866 seconds, Stopping threads took: 0.0010012 seconds
2020-03-11T15:54:54.647+0800: 9.451: Total time for which application threads were stopped: 0.0005004 seconds, Stopping threads took: 0.0001074 seconds
2020-03-11T15:54:54.647+0800: 9.451: Total time for which application threads were stopped: 0.0001805 seconds, Stopping threads took: 0.0000620 seconds
2020-03-11T15:54:54.650+0800: 9.454: Total time for which application threads were stopped: 0.0003014 seconds, Stopping threads took: 0.0000804 seconds
2020-03-11T15:54:54.651+0800: 9.455: Total time for which application threads were stopped: 0.0001505 seconds, Stopping threads took: 0.0000335 seconds
2020-03-11T15:54:54.657+0800: 9.461: Total time for which application threads were stopped: 0.0004954 seconds, Stopping threads took: 0.0000654 seconds
2020-03-11T15:54:54.693+0800: 9.497: Total time for which application threads were stopped: 0.0038042 seconds, Stopping threads took: 0.0035863 seconds
2020-03-11T15:54:54.705+0800: 9.509: Total time for which application threads were stopped: 0.0007310 seconds, Stopping threads took: 0.0004958 seconds
2020-03-11T15:54:54.721+0800: 9.525: Total time for which application threads were stopped: 0.0005281 seconds, Stopping threads took: 0.0002821 seconds
2020-03-11T15:54:54.786+0800: 9.590: Total time for which application threads were stopped: 0.0007240 seconds, Stopping threads took: 0.0001978 seconds
2020-03-11T15:54:54.787+0800: 9.591: Total time for which application threads were stopped: 0.0001894 seconds, Stopping threads took: 0.0000651 seconds
2020-03-11T15:54:54.790+0800: 9.594: Total time for which application threads were stopped: 0.0004057 seconds, Stopping threads took: 0.0000855 seconds
2020-03-11T15:54:54.815+0800: 9.619: Total time for which application threads were stopped: 0.0004061 seconds, Stopping threads took: 0.0001278 seconds
{Heap before GC invocations=11 (full 0):
 garbage-first heap   total 524288K, used 343040K [0x00000000e0000000, 0x00000000e0101000, 0x0000000100000000)
  region size 1024K, 307 young (314368K), 24 survivors (24576K)
 Metaspace       used 43411K, capacity 45292K, committed 45564K, reserved 1089536K
  class space    used 5417K, capacity 5814K, committed 5888K, reserved 1048576K
2020-03-11T15:54:54.914+0800: 9.718: [GC pause (G1 Evacuation Pause) (young)
Desired survivor size 20447232 bytes, new threshold 15 (max 15)
- age   1:    1509936 bytes,    1509936 total
- age   2:    5099072 bytes,    6609008 total
- age   3:   12621656 bytes,   19230664 total
, 0.0304798 secs]
   [Parallel Time: 25.8 ms, GC Workers: 8]
      [GC Worker Start (ms): Min: 9718.2, Avg: 9718.2, Max: 9718.3, Diff: 0.1]
      [Ext Root Scanning (ms): Min: 0.6, Avg: 0.8, Max: 1.8, Diff: 1.2, Sum: 6.7]
      [Update RS (ms): Min: 1.0, Avg: 1.8, Max: 2.0, Diff: 1.0, Sum: 14.4]
         [Processed Buffers: Min: 1, Avg: 4.5, Max: 7, Diff: 6, Sum: 36]
      [Scan RS (ms): Min: 0.0, Avg: 0.1, Max: 0.1, Diff: 0.1, Sum: 0.4]
      [Code Root Scanning (ms): Min: 0.0, Avg: 0.3, Max: 2.0, Diff: 2.0, Sum: 2.8]
      [Object Copy (ms): Min: 20.9, Avg: 22.5, Max: 23.0, Diff: 2.0, Sum: 180.4]
      [Termination (ms): Min: 0.0, Avg: 0.0, Max: 0.0, Diff: 0.0, Sum: 0.0]
         [Termination Attempts: Min: 1, Avg: 1.0, Max: 1, Diff: 0, Sum: 8]
      [GC Worker Other (ms): Min: 0.0, Avg: 0.1, Max: 0.1, Diff: 0.1, Sum: 0.6]
      [GC Worker Total (ms): Min: 25.6, Avg: 25.7, Max: 25.7, Diff: 0.1, Sum: 205.2]
      [GC Worker End (ms): Min: 9743.8, Avg: 9743.9, Max: 9743.9, Diff: 0.1]
   [Code Root Fixup: 0.1 ms]
   [Code Root Purge: 0.1 ms]
   [Clear CT: 0.3 ms]
   [Other: 4.3 ms]
      [Choose CSet: 0.0 ms]
      [Ref Proc: 2.8 ms]
      [Ref Enq: 0.1 ms]
      [Redirty Cards: 0.1 ms]
      [Humongous Register: 0.1 ms]
      [Humongous Reclaim: 0.0 ms]
      [Free CSet: 0.9 ms]
   [Eden: 283.0M(283.0M)->0.0B(268.0M) Survivors: 24.0M->39.0M Heap: 335.0M(512.0M)->68.4M(512.0M)]
Heap after GC invocations=12 (full 0):
 garbage-first heap   total 524288K, used 70033K [0x00000000e0000000, 0x00000000e0101000, 0x0000000100000000)
  region size 1024K, 39 young (39936K), 39 survivors (39936K)
 Metaspace       used 43411K, capacity 45292K, committed 45564K, reserved 1089536K
  class space    used 5417K, capacity 5814K, committed 5888K, reserved 1048576K
}
 [Times: user=0.19 sys=0.00, real=0.03 secs] 
2020-03-11T15:54:54.945+0800: 9.749: Total time for which application threads were stopped: 0.0314371 seconds, Stopping threads took: 0.0001197 seconds
2020-03-11T15:54:54.948+0800: 9.752: Total time for which application threads were stopped: 0.0026140 seconds, Stopping threads took: 0.0022067 seconds
2020-03-11T15:54:54.949+0800: 9.753: Total time for which application threads were stopped: 0.0001667 seconds, Stopping threads took: 0.0000373 seconds
2020-03-11T15:54:54.949+0800: 9.753: Total time for which application threads were stopped: 0.0001547 seconds, Stopping threads took: 0.0000231 seconds
2020-03-11T15:54:54.949+0800: 9.753: Total time for which application threads were stopped: 0.0002136 seconds, Stopping threads took: 0.0000312 seconds
2020-03-11T15:54:54.950+0800: 9.754: Total time for which application threads were stopped: 0.0002972 seconds, Stopping threads took: 0.0000204 seconds
2020-03-11T15:54:54.951+0800: 9.754: Total time for which application threads were stopped: 0.0003330 seconds, Stopping threads took: 0.0000431 seconds
2020-03-11T15:54:54.951+0800: 9.755: Total time for which application threads were stopped: 0.0001890 seconds, Stopping threads took: 0.0000466 seconds
{Heap before GC invocations=12 (full 0):
 garbage-first heap   total 524288K, used 344465K [0x00000000e0000000, 0x00000000e0101000, 0x0000000100000000)
  region size 1024K, 307 young (314368K), 39 survivors (39936K)
 Metaspace       used 43459K, capacity 45416K, committed 45564K, reserved 1089536K
  class space    used 5422K, capacity 5824K, committed 5888K, reserved 1048576K
2020-03-11T15:54:55.154+0800: 9.958: [GC pause (G1 Evacuation Pause) (young)
Desired survivor size 20447232 bytes, new threshold 4 (max 15)
- age   1:   17314680 bytes,   17314680 total
- age   2:     241048 bytes,   17555728 total
- age   3:    2801832 bytes,   20357560 total
- age   4:   12613056 bytes,   32970616 total
, 0.0295460 secs]
   [Parallel Time: 27.0 ms, GC Workers: 8]
      [GC Worker Start (ms): Min: 9958.3, Avg: 9958.4, Max: 9958.5, Diff: 0.2]
      [Ext Root Scanning (ms): Min: 0.3, Avg: 1.0, Max: 2.2, Diff: 1.9, Sum: 7.6]
      [Update RS (ms): Min: 0.0, Avg: 0.7, Max: 1.4, Diff: 1.4, Sum: 5.7]
         [Processed Buffers: Min: 0, Avg: 2.5, Max: 9, Diff: 9, Sum: 20]
      [Scan RS (ms): Min: 0.0, Avg: 0.0, Max: 0.1, Diff: 0.1, Sum: 0.4]
      [Code Root Scanning (ms): Min: 0.0, Avg: 0.4, Max: 2.4, Diff: 2.4, Sum: 3.1]
      [Object Copy (ms): Min: 22.5, Avg: 24.5, Max: 26.3, Diff: 3.9, Sum: 196.3]
      [Termination (ms): Min: 0.0, Avg: 0.1, Max: 0.2, Diff: 0.2, Sum: 0.9]
         [Termination Attempts: Min: 1, Avg: 1.1, Max: 2, Diff: 1, Sum: 9]
      [GC Worker Other (ms): Min: 0.0, Avg: 0.0, Max: 0.1, Diff: 0.0, Sum: 0.3]
      [GC Worker Total (ms): Min: 26.7, Avg: 26.8, Max: 26.9, Diff: 0.3, Sum: 214.3]
      [GC Worker End (ms): Min: 9985.1, Avg: 9985.2, Max: 9985.2, Diff: 0.1]
   [Code Root Fixup: 0.0 ms]
   [Code Root Purge: 0.0 ms]
   [Clear CT: 0.4 ms]
   [Other: 2.1 ms]
      [Choose CSet: 0.0 ms]
      [Ref Proc: 1.1 ms]
      [Ref Enq: 0.1 ms]
      [Redirty Cards: 0.1 ms]
      [Humongous Register: 0.0 ms]
      [Humongous Reclaim: 0.0 ms]
      [Free CSet: 0.6 ms]
   [Eden: 268.0M(268.0M)->0.0B(281.0M) Survivors: 39.0M->26.0M Heap: 336.4M(512.0M)->68.3M(512.0M)]
Heap after GC invocations=13 (full 0):
 garbage-first heap   total 524288K, used 69924K [0x00000000e0000000, 0x00000000e0101000, 0x0000000100000000)
  region size 1024K, 26 young (26624K), 26 survivors (26624K)
 Metaspace       used 43459K, capacity 45416K, committed 45564K, reserved 1089536K
  class space    used 5422K, capacity 5824K, committed 5888K, reserved 1048576K
}
 [Times: user=0.22 sys=0.00, real=0.03 secs] 
2020-03-11T15:54:55.184+0800: 9.988: Total time for which application threads were stopped: 0.0302789 seconds, Stopping threads took: 0.0000958 seconds
2020-03-11T15:54:55.441+0800: 10.245: Total time for which application threads were stopped: 0.0003680 seconds, Stopping threads took: 0.0000697 seconds
2020-03-11T15:54:55.442+0800: 10.246: Total time for which application threads were stopped: 0.0001894 seconds, Stopping threads took: 0.0000654 seconds
2020-03-11T15:54:55.524+0800: 10.328: Total time for which application threads were stopped: 0.0005524 seconds, Stopping threads took: 0.0001621 seconds
2020-03-11T15:54:55.574+0800: 10.377: Total time for which application threads were stopped: 0.0005959 seconds, Stopping threads took: 0.0001336 seconds
2020-03-11T15:54:55.574+0800: 10.378: Total time for which application threads were stopped: 0.0003718 seconds, Stopping threads took: 0.0001162 seconds
2020-03-11T15:54:55.575+0800: 10.379: Total time for which application threads were stopped: 0.0003487 seconds, Stopping threads took: 0.0000412 seconds
2020-03-11T15:54:55.603+0800: 10.407: Total time for which application threads were stopped: 0.0014946 seconds, Stopping threads took: 0.0001952 seconds
2020-03-11T15:54:55.658+0800: 10.462: Total time for which application threads were stopped: 0.0028411 seconds, Stopping threads took: 0.0002402 seconds
2020-03-11T15:54:55.668+0800: 10.472: Total time for which application threads were stopped: 0.0004638 seconds, Stopping threads took: 0.0000739 seconds
2020-03-11T15:54:55.725+0800: 10.529: Total time for which application threads were stopped: 0.0005597 seconds, Stopping threads took: 0.0001644 seconds
2020-03-11T15:54:55.726+0800: 10.529: Total time for which application threads were stopped: 0.0001855 seconds, Stopping threads took: 0.0000316 seconds
{Heap before GC invocations=13 (full 0):
 garbage-first heap   total 524288K, used 357668K [0x00000000e0000000, 0x00000000e0101000, 0x0000000100000000)
  region size 1024K, 307 young (314368K), 26 survivors (26624K)
 Metaspace       used 43664K, capacity 45638K, committed 45820K, reserved 1089536K
  class space    used 5437K, capacity 5849K, committed 5888K, reserved 1048576K
2020-03-11T15:54:55.822+0800: 10.626: [GC pause (G1 Evacuation Pause) (young)
Desired survivor size 20447232 bytes, new threshold 4 (max 15)
- age   1:    1356752 bytes,    1356752 total
- age   2:   16988896 bytes,   18345648 total
- age   3:     241048 bytes,   18586696 total
- age   4:    2801832 bytes,   21388528 total
, 0.0302123 secs]
   [Parallel Time: 25.3 ms, GC Workers: 8]
      [GC Worker Start (ms): Min: 10626.1, Avg: 10626.2, Max: 10626.2, Diff: 0.1]
      [Ext Root Scanning (ms): Min: 0.5, Avg: 0.7, Max: 1.5, Diff: 0.9, Sum: 5.9]
      [Update RS (ms): Min: 1.0, Avg: 1.5, Max: 1.8, Diff: 0.8, Sum: 12.2]
         [Processed Buffers: Min: 2, Avg: 3.6, Max: 7, Diff: 5, Sum: 29]
      [Scan RS (ms): Min: 0.1, Avg: 0.3, Max: 0.5, Diff: 0.4, Sum: 2.4]
      [Code Root Scanning (ms): Min: 0.0, Avg: 0.1, Max: 0.3, Diff: 0.3, Sum: 0.6]
      [Object Copy (ms): Min: 22.2, Avg: 22.4, Max: 22.6, Diff: 0.4, Sum: 179.5]
      [Termination (ms): Min: 0.0, Avg: 0.0, Max: 0.0, Diff: 0.0, Sum: 0.0]
         [Termination Attempts: Min: 1, Avg: 2.0, Max: 4, Diff: 3, Sum: 16]
      [GC Worker Other (ms): Min: 0.0, Avg: 0.1, Max: 0.1, Diff: 0.1, Sum: 0.6]
      [GC Worker Total (ms): Min: 25.1, Avg: 25.2, Max: 25.2, Diff: 0.1, Sum: 201.2]
      [GC Worker End (ms): Min: 10651.3, Avg: 10651.3, Max: 10651.3, Diff: 0.1]
   [Code Root Fixup: 0.0 ms]
   [Code Root Purge: 0.0 ms]
   [Clear CT: 0.3 ms]
   [Other: 4.6 ms]
      [Choose CSet: 0.0 ms]
      [Ref Proc: 2.0 ms]
      [Ref Enq: 0.1 ms]
      [Redirty Cards: 0.3 ms]
      [Humongous Register: 0.1 ms]
      [Humongous Reclaim: 0.0 ms]
      [Free CSet: 0.9 ms]
   [Eden: 281.0M(281.0M)->0.0B(271.0M) Survivors: 26.0M->36.0M Heap: 349.3M(512.0M)->84.0M(512.0M)]
Heap after GC invocations=14 (full 0):
 garbage-first heap   total 524288K, used 86016K [0x00000000e0000000, 0x00000000e0101000, 0x0000000100000000)
  region size 1024K, 36 young (36864K), 36 survivors (36864K)
 Metaspace       used 43664K, capacity 45638K, committed 45820K, reserved 1089536K
  class space    used 5437K, capacity 5849K, committed 5888K, reserved 1048576K
}
 [Times: user=0.16 sys=0.00, real=0.03 secs] 
2020-03-11T15:54:55.852+0800: 10.656: Total time for which application threads were stopped: 0.0319114 seconds, Stopping threads took: 0.0009415 seconds
2020-03-11T15:54:55.853+0800: 10.657: Total time for which application threads were stopped: 0.0003988 seconds, Stopping threads took: 0.0000982 seconds
2020-03-11T15:54:55.854+0800: 10.658: Total time for which application threads were stopped: 0.0003029 seconds, Stopping threads took: 0.0001393 seconds
2020-03-11T15:54:55.854+0800: 10.658: Total time for which application threads were stopped: 0.0001193 seconds, Stopping threads took: 0.0000216 seconds
2020-03-11T15:54:55.855+0800: 10.659: Total time for which application threads were stopped: 0.0004242 seconds, Stopping threads took: 0.0001805 seconds
2020-03-11T15:54:55.856+0800: 10.660: Total time for which application threads were stopped: 0.0001724 seconds, Stopping threads took: 0.0000273 seconds
{Heap before GC invocations=14 (full 0):
 garbage-first heap   total 524288K, used 363520K [0x00000000e0000000, 0x00000000e0101000, 0x0000000100000000)
  region size 1024K, 307 young (314368K), 36 survivors (36864K)
 Metaspace       used 43666K, capacity 45638K, committed 45820K, reserved 1089536K
  class space    used 5437K, capacity 5849K, committed 5888K, reserved 1048576K
2020-03-11T15:54:56.221+0800: 11.025: [GC pause (G1 Evacuation Pause) (young)
Desired survivor size 20447232 bytes, new threshold 3 (max 15)
- age   1:   13345000 bytes,   13345000 total
- age   2:     347128 bytes,   13692128 total
- age   3:   15478712 bytes,   29170840 total
- age   4:     241048 bytes,   29411888 total
, 0.0261453 secs]
   [Parallel Time: 23.4 ms, GC Workers: 8]
      [GC Worker Start (ms): Min: 11025.2, Avg: 11025.3, Max: 11025.3, Diff: 0.1]
      [Ext Root Scanning (ms): Min: 0.5, Avg: 0.6, Max: 1.3, Diff: 0.9, Sum: 5.2]
      [Update RS (ms): Min: 1.3, Avg: 1.6, Max: 1.9, Diff: 0.6, Sum: 12.8]
         [Processed Buffers: Min: 2, Avg: 3.8, Max: 9, Diff: 7, Sum: 30]
      [Scan RS (ms): Min: 0.0, Avg: 0.0, Max: 0.1, Diff: 0.1, Sum: 0.3]
      [Code Root Scanning (ms): Min: 0.0, Avg: 0.0, Max: 0.2, Diff: 0.2, Sum: 0.4]
      [Object Copy (ms): Min: 20.5, Avg: 20.8, Max: 21.0, Diff: 0.5, Sum: 166.3]
      [Termination (ms): Min: 0.0, Avg: 0.0, Max: 0.0, Diff: 0.0, Sum: 0.0]
         [Termination Attempts: Min: 1, Avg: 1.0, Max: 1, Diff: 0, Sum: 8]
      [GC Worker Other (ms): Min: 0.0, Avg: 0.1, Max: 0.1, Diff: 0.1, Sum: 0.6]
      [GC Worker Total (ms): Min: 23.2, Avg: 23.2, Max: 23.3, Diff: 0.1, Sum: 185.7]
      [GC Worker End (ms): Min: 11048.5, Avg: 11048.5, Max: 11048.5, Diff: 0.1]
   [Code Root Fixup: 0.0 ms]
   [Code Root Purge: 0.0 ms]
   [Clear CT: 0.2 ms]
   [Other: 2.5 ms]
      [Choose CSet: 0.0 ms]
      [Ref Proc: 1.5 ms]
      [Ref Enq: 0.1 ms]
      [Redirty Cards: 0.1 ms]
      [Humongous Register: 0.0 ms]
      [Humongous Reclaim: 0.0 ms]
      [Free CSet: 0.6 ms]
   [Eden: 271.0M(271.0M)->0.0B(289.0M) Survivors: 36.0M->18.0M Heap: 355.0M(512.0M)->87.9M(512.0M)]
Heap after GC invocations=15 (full 0):
 garbage-first heap   total 524288K, used 89975K [0x00000000e0000000, 0x00000000e0101000, 0x0000000100000000)
  region size 1024K, 18 young (18432K), 18 survivors (18432K)
 Metaspace       used 43666K, capacity 45638K, committed 45820K, reserved 1089536K
  class space    used 5437K, capacity 5849K, committed 5888K, reserved 1048576K
}
 [Times: user=0.25 sys=0.00, real=0.03 secs] 
2020-03-11T15:54:56.248+0800: 11.052: Total time for which application threads were stopped: 0.0269051 seconds, Stopping threads took: 0.0000901 seconds
2020-03-11T15:54:56.394+0800: 11.198: Total time for which application threads were stopped: 0.0004888 seconds, Stopping threads took: 0.0002213 seconds
2020-03-11T15:54:56.438+0800: 11.243: Total time for which application threads were stopped: 0.0002756 seconds, Stopping threads took: 0.0000470 seconds
2020-03-11T15:54:56.495+0800: 11.299: Total time for which application threads were stopped: 0.0004781 seconds, Stopping threads took: 0.0001216 seconds
2020-03-11T15:54:56.497+0800: 11.300: Total time for which application threads were stopped: 0.0003025 seconds, Stopping threads took: 0.0000635 seconds
2020-03-11T15:54:56.536+0800: 11.340: Total time for which application threads were stopped: 0.0003587 seconds, Stopping threads took: 0.0000550 seconds
2020-03-11T15:54:56.537+0800: 11.340: Total time for which application threads were stopped: 0.0001428 seconds, Stopping threads took: 0.0000504 seconds
2020-03-11T15:54:57.537+0800: 12.341: Total time for which application threads were stopped: 0.0001755 seconds, Stopping threads took: 0.0000373 seconds
2020-03-11T15:54:58.537+0800: 13.341: Total time for which application threads were stopped: 0.0001567 seconds, Stopping threads took: 0.0000354 seconds
2020-03-11T15:54:59.537+0800: 14.341: Total time for which application threads were stopped: 0.0002871 seconds, Stopping threads took: 0.0000454 seconds
2020-03-11T15:55:07.641+0800: 22.446: Total time for which application threads were stopped: 0.0010839 seconds, Stopping threads took: 0.0000335 seconds
2020-03-11T15:55:07.652+0800: 22.456: Total time for which application threads were stopped: 0.0008384 seconds, Stopping threads took: 0.0000316 seconds
2020-03-11T15:55:07.655+0800: 22.459: Total time for which application threads were stopped: 0.0002529 seconds, Stopping threads took: 0.0000523 seconds
2020-03-11T15:55:07.658+0800: 22.462: Total time for which application threads were stopped: 0.0002548 seconds, Stopping threads took: 0.0000547 seconds
2020-03-11T15:55:07.667+0800: 22.471: Total time for which application threads were stopped: 0.0003487 seconds, Stopping threads took: 0.0000635 seconds
2020-03-11T15:55:07.668+0800: 22.472: Total time for which application threads were stopped: 0.0001401 seconds, Stopping threads took: 0.0000362 seconds
2020-03-11T15:55:07.672+0800: 22.476: Total time for which application threads were stopped: 0.0002363 seconds, Stopping threads took: 0.0000454 seconds
2020-03-11T15:55:07.687+0800: 22.491: Total time for which application threads were stopped: 0.0003152 seconds, Stopping threads took: 0.0000558 seconds
2020-03-11T15:55:07.691+0800: 22.495: Total time for which application threads were stopped: 0.0003703 seconds, Stopping threads took: 0.0002036 seconds
2020-03-11T15:55:07.692+0800: 22.496: Total time for which application threads were stopped: 0.0001505 seconds, Stopping threads took: 0.0000308 seconds
2020-03-11T15:55:07.692+0800: 22.496: Total time for which application threads were stopped: 0.0001293 seconds, Stopping threads took: 0.0000273 seconds
2020-03-11T15:55:07.692+0800: 22.496: Total time for which application threads were stopped: 0.0001459 seconds, Stopping threads took: 0.0000489 seconds
2020-03-11T15:55:07.692+0800: 22.496: Total time for which application threads were stopped: 0.0001459 seconds, Stopping threads took: 0.0000370 seconds
2020-03-11T15:55:07.692+0800: 22.496: Total time for which application threads were stopped: 0.0000993 seconds, Stopping threads took: 0.0000258 seconds
2020-03-11T15:55:07.693+0800: 22.497: Total time for which application threads were stopped: 0.0002452 seconds, Stopping threads took: 0.0001386 seconds
2020-03-11T15:55:07.693+0800: 22.497: Total time for which application threads were stopped: 0.0002621 seconds, Stopping threads took: 0.0001520 seconds
2020-03-11T15:55:07.694+0800: 22.498: Total time for which application threads were stopped: 0.0001836 seconds, Stopping threads took: 0.0000951 seconds
2020-03-11T15:55:07.694+0800: 22.498: Total time for which application threads were stopped: 0.0001340 seconds, Stopping threads took: 0.0000319 seconds
2020-03-11T15:55:07.694+0800: 22.498: Total time for which application threads were stopped: 0.0001417 seconds, Stopping threads took: 0.0000412 seconds
2020-03-11T15:55:07.694+0800: 22.498: Total time for which application threads were stopped: 0.0001390 seconds, Stopping threads took: 0.0000408 seconds
2020-03-11T15:55:07.695+0800: 22.499: Total time for which application threads were stopped: 0.0001274 seconds, Stopping threads took: 0.0000266 seconds
2020-03-11T15:55:07.695+0800: 22.499: Total time for which application threads were stopped: 0.0001224 seconds, Stopping threads took: 0.0000162 seconds
2020-03-11T15:55:07.697+0800: 22.501: Total time for which application threads were stopped: 0.0002648 seconds, Stopping threads took: 0.0000812 seconds
2020-03-11T15:55:07.697+0800: 22.501: Total time for which application threads were stopped: 0.0001432 seconds, Stopping threads took: 0.0000350 seconds
2020-03-11T15:55:07.697+0800: 22.501: Total time for which application threads were stopped: 0.0000989 seconds, Stopping threads took: 0.0000242 seconds
2020-03-11T15:55:07.697+0800: 22.501: Total time for which application threads were stopped: 0.0000885 seconds, Stopping threads took: 0.0000281 seconds
2020-03-11T15:55:07.697+0800: 22.501: Total time for which application threads were stopped: 0.0000924 seconds, Stopping threads took: 0.0000239 seconds
2020-03-11T15:55:07.698+0800: 22.501: Total time for which application threads were stopped: 0.0000928 seconds, Stopping threads took: 0.0000300 seconds
2020-03-11T15:55:07.698+0800: 22.502: Total time for which application threads were stopped: 0.0001120 seconds, Stopping threads took: 0.0000189 seconds
2020-03-11T15:55:07.698+0800: 22.502: Total time for which application threads were stopped: 0.0000905 seconds, Stopping threads took: 0.0000254 seconds
2020-03-11T15:55:07.698+0800: 22.502: Total time for which application threads were stopped: 0.0001059 seconds, Stopping threads took: 0.0000223 seconds
2020-03-11T15:55:07.698+0800: 22.502: Total time for which application threads were stopped: 0.0001193 seconds, Stopping threads took: 0.0000196 seconds
2020-03-11T15:55:07.698+0800: 22.502: Total time for which application threads were stopped: 0.0001070 seconds, Stopping threads took: 0.0000189 seconds
2020-03-11T15:55:07.699+0800: 22.502: Total time for which application threads were stopped: 0.0001251 seconds, Stopping threads took: 0.0000250 seconds
2020-03-11T15:55:07.699+0800: 22.502: Total time for which application threads were stopped: 0.0000947 seconds, Stopping threads took: 0.0000273 seconds
2020-03-11T15:55:07.699+0800: 22.503: Total time for which application threads were stopped: 0.0000885 seconds, Stopping threads took: 0.0000235 seconds
2020-03-11T15:55:07.699+0800: 22.503: Total time for which application threads were stopped: 0.0001470 seconds, Stopping threads took: 0.0000712 seconds
2020-03-11T15:55:07.699+0800: 22.503: Total time for which application threads were stopped: 0.0000958 seconds, Stopping threads took: 0.0000319 seconds
2020-03-11T15:55:07.699+0800: 22.503: Total time for which application threads were stopped: 0.0000908 seconds, Stopping threads took: 0.0000293 seconds
2020-03-11T15:55:07.699+0800: 22.503: Total time for which application threads were stopped: 0.0000855 seconds, Stopping threads took: 0.0000231 seconds
2020-03-11T15:55:07.699+0800: 22.503: Total time for which application threads were stopped: 0.0000881 seconds, Stopping threads took: 0.0000242 seconds
2020-03-11T15:55:07.700+0800: 22.504: Total time for which application threads were stopped: 0.0000935 seconds, Stopping threads took: 0.0000308 seconds
2020-03-11T15:55:07.700+0800: 22.504: Total time for which application threads were stopped: 0.0000889 seconds, Stopping threads took: 0.0000258 seconds
2020-03-11T15:55:07.700+0800: 22.504: Total time for which application threads were stopped: 0.0000905 seconds, Stopping threads took: 0.0000266 seconds
2020-03-11T15:55:07.700+0800: 22.504: Total time for which application threads were stopped: 0.0001289 seconds, Stopping threads took: 0.0000354 seconds
2020-03-11T15:55:07.700+0800: 22.504: Total time for which application threads were stopped: 0.0000908 seconds, Stopping threads took: 0.0000277 seconds
2020-03-11T15:55:07.701+0800: 22.504: Total time for which application threads were stopped: 0.0001020 seconds, Stopping threads took: 0.0000343 seconds
2020-03-11T15:55:07.701+0800: 22.504: Total time for which application threads were stopped: 0.0001005 seconds, Stopping threads took: 0.0000289 seconds
2020-03-11T15:55:07.701+0800: 22.505: Total time for which application threads were stopped: 0.0001116 seconds, Stopping threads took: 0.0000185 seconds
2020-03-11T15:55:07.701+0800: 22.505: Total time for which application threads were stopped: 0.0001020 seconds, Stopping threads took: 0.0000289 seconds
2020-03-11T15:55:07.701+0800: 22.505: Total time for which application threads were stopped: 0.0001159 seconds, Stopping threads took: 0.0000285 seconds
2020-03-11T15:55:07.703+0800: 22.506: Total time for which application threads were stopped: 0.0001813 seconds, Stopping threads took: 0.0000489 seconds
2020-03-11T15:55:07.708+0800: 22.512: Total time for which application threads were stopped: 0.0002152 seconds, Stopping threads took: 0.0000558 seconds
2020-03-11T15:55:07.716+0800: 22.520: Total time for which application threads were stopped: 0.0002190 seconds, Stopping threads took: 0.0000447 seconds
2020-03-11T15:55:07.716+0800: 22.520: Total time for which application threads were stopped: 0.0000970 seconds, Stopping threads took: 0.0000239 seconds
2020-03-11T15:55:07.717+0800: 22.520: Total time for which application threads were stopped: 0.0001093 seconds, Stopping threads took: 0.0000296 seconds
2020-03-11T15:55:07.717+0800: 22.521: Total time for which application threads were stopped: 0.0000878 seconds, Stopping threads took: 0.0000239 seconds
2020-03-11T15:55:07.717+0800: 22.521: Total time for which application threads were stopped: 0.0001070 seconds, Stopping threads took: 0.0000323 seconds
2020-03-11T15:55:07.717+0800: 22.521: Total time for which application threads were stopped: 0.0000997 seconds, Stopping threads took: 0.0000258 seconds
2020-03-11T15:55:07.717+0800: 22.521: Total time for which application threads were stopped: 0.0001759 seconds, Stopping threads took: 0.0000704 seconds
2020-03-11T15:55:07.718+0800: 22.521: Total time for which application threads were stopped: 0.0002860 seconds, Stopping threads took: 0.0000350 seconds
2020-03-11T15:55:07.718+0800: 22.522: Total time for which application threads were stopped: 0.0001193 seconds, Stopping threads took: 0.0000354 seconds
2020-03-11T15:55:07.718+0800: 22.522: Total time for which application threads were stopped: 0.0001012 seconds, Stopping threads took: 0.0000281 seconds
2020-03-11T15:55:07.718+0800: 22.522: Total time for which application threads were stopped: 0.0001093 seconds, Stopping threads took: 0.0000304 seconds
2020-03-11T15:55:07.718+0800: 22.522: Total time for which application threads were stopped: 0.0001012 seconds, Stopping threads took: 0.0000327 seconds
2020-03-11T15:55:07.718+0800: 22.522: Total time for which application threads were stopped: 0.0001486 seconds, Stopping threads took: 0.0000754 seconds
2020-03-11T15:55:07.718+0800: 22.522: Total time for which application threads were stopped: 0.0001008 seconds, Stopping threads took: 0.0000235 seconds
2020-03-11T15:55:07.719+0800: 22.523: Total time for which application threads were stopped: 0.0001578 seconds, Stopping threads took: 0.0000362 seconds
2020-03-11T15:55:07.719+0800: 22.523: Total time for which application threads were stopped: 0.0001008 seconds, Stopping threads took: 0.0000323 seconds
2020-03-11T15:55:07.719+0800: 22.523: Total time for which application threads were stopped: 0.0001186 seconds, Stopping threads took: 0.0000350 seconds
2020-03-11T15:55:07.719+0800: 22.523: Total time for which application threads were stopped: 0.0001136 seconds, Stopping threads took: 0.0000389 seconds
2020-03-11T15:55:07.719+0800: 22.523: Total time for which application threads were stopped: 0.0001008 seconds, Stopping threads took: 0.0000323 seconds
2020-03-11T15:55:07.720+0800: 22.523: Total time for which application threads were stopped: 0.0001070 seconds, Stopping threads took: 0.0000312 seconds
2020-03-11T15:55:07.720+0800: 22.524: Total time for which application threads were stopped: 0.0001066 seconds, Stopping threads took: 0.0000300 seconds
2020-03-11T15:55:07.720+0800: 22.524: Total time for which application threads were stopped: 0.0001078 seconds, Stopping threads took: 0.0000443 seconds
2020-03-11T15:55:07.720+0800: 22.524: Total time for which application threads were stopped: 0.0001062 seconds, Stopping threads took: 0.0000335 seconds
2020-03-11T15:55:07.720+0800: 22.524: Total time for which application threads were stopped: 0.0003010 seconds, Stopping threads took: 0.0000254 seconds
2020-03-11T15:55:07.721+0800: 22.525: Total time for which application threads were stopped: 0.0002887 seconds, Stopping threads took: 0.0000273 seconds
2020-03-11T15:55:07.721+0800: 22.525: Total time for which application threads were stopped: 0.0001066 seconds, Stopping threads took: 0.0000273 seconds
2020-03-11T15:55:07.721+0800: 22.525: Total time for which application threads were stopped: 0.0001147 seconds, Stopping threads took: 0.0000435 seconds
2020-03-11T15:55:07.721+0800: 22.525: Total time for which application threads were stopped: 0.0000943 seconds, Stopping threads took: 0.0000281 seconds
2020-03-11T15:55:07.721+0800: 22.525: Total time for which application threads were stopped: 0.0001043 seconds, Stopping threads took: 0.0000354 seconds
2020-03-11T15:55:07.722+0800: 22.525: Total time for which application threads were stopped: 0.0001798 seconds, Stopping threads took: 0.0001116 seconds
2020-03-11T15:55:07.722+0800: 22.526: Total time for which application threads were stopped: 0.0001008 seconds, Stopping threads took: 0.0000304 seconds
2020-03-11T15:55:07.722+0800: 22.526: Total time for which application threads were stopped: 0.0000970 seconds, Stopping threads took: 0.0000300 seconds
2020-03-11T15:55:07.722+0800: 22.526: Total time for which application threads were stopped: 0.0001074 seconds, Stopping threads took: 0.0000350 seconds
2020-03-11T15:55:07.722+0800: 22.526: Total time for which application threads were stopped: 0.0000993 seconds, Stopping threads took: 0.0000289 seconds
2020-03-11T15:55:07.723+0800: 22.527: Total time for which application threads were stopped: 0.0001112 seconds, Stopping threads took: 0.0000362 seconds
2020-03-11T15:55:07.725+0800: 22.529: Total time for which application threads were stopped: 0.0002352 seconds, Stopping threads took: 0.0000508 seconds
2020-03-11T15:55:07.725+0800: 22.529: Total time for which application threads were stopped: 0.0001540 seconds, Stopping threads took: 0.0000331 seconds
2020-03-11T15:55:07.725+0800: 22.529: Total time for which application threads were stopped: 0.0001228 seconds, Stopping threads took: 0.0000277 seconds
2020-03-11T15:55:07.725+0800: 22.529: Total time for which application threads were stopped: 0.0001024 seconds, Stopping threads took: 0.0000300 seconds
2020-03-11T15:55:07.725+0800: 22.529: Total time for which application threads were stopped: 0.0000901 seconds, Stopping threads took: 0.0000269 seconds
2020-03-11T15:55:07.725+0800: 22.529: Total time for which application threads were stopped: 0.0001051 seconds, Stopping threads took: 0.0000285 seconds
2020-03-11T15:55:07.725+0800: 22.530: Total time for which application threads were stopped: 0.0000951 seconds, Stopping threads took: 0.0000212 seconds
2020-03-11T15:55:07.726+0800: 22.530: Total time for which application threads were stopped: 0.0001093 seconds, Stopping threads took: 0.0000293 seconds
2020-03-11T15:55:07.726+0800: 22.530: Total time for which application threads were stopped: 0.0001089 seconds, Stopping threads took: 0.0000304 seconds
2020-03-11T15:55:07.726+0800: 22.531: Total time for which application threads were stopped: 0.0001463 seconds, Stopping threads took: 0.0000273 seconds
2020-03-11T15:55:07.727+0800: 22.531: Total time for which application threads were stopped: 0.0000955 seconds, Stopping threads took: 0.0000285 seconds
2020-03-11T15:55:07.727+0800: 22.531: Total time for which application threads were stopped: 0.0001151 seconds, Stopping threads took: 0.0000339 seconds
2020-03-11T15:55:07.727+0800: 22.531: Total time for which application threads were stopped: 0.0000912 seconds, Stopping threads took: 0.0000277 seconds
2020-03-11T15:55:07.727+0800: 22.531: Total time for which application threads were stopped: 0.0000993 seconds, Stopping threads took: 0.0000285 seconds
2020-03-11T15:55:07.728+0800: 22.532: Total time for which application threads were stopped: 0.0001101 seconds, Stopping threads took: 0.0000316 seconds
2020-03-11T15:55:07.728+0800: 22.532: Total time for which application threads were stopped: 0.0002517 seconds, Stopping threads took: 0.0000219 seconds
2020-03-11T15:55:07.728+0800: 22.532: Total time for which application threads were stopped: 0.0001848 seconds, Stopping threads took: 0.0000758 seconds
2020-03-11T15:55:07.729+0800: 22.533: Total time for which application threads were stopped: 0.0002194 seconds, Stopping threads took: 0.0001066 seconds
2020-03-11T15:55:07.729+0800: 22.533: Total time for which application threads were stopped: 0.0001451 seconds, Stopping threads took: 0.0000377 seconds
2020-03-11T15:55:07.729+0800: 22.533: Total time for which application threads were stopped: 0.0001786 seconds, Stopping threads took: 0.0000751 seconds
2020-03-11T15:55:07.729+0800: 22.534: Total time for which application threads were stopped: 0.0001524 seconds, Stopping threads took: 0.0000285 seconds
2020-03-11T15:55:07.732+0800: 22.536: Total time for which application threads were stopped: 0.0001840 seconds, Stopping threads took: 0.0000485 seconds
2020-03-11T15:55:07.733+0800: 22.537: Total time for which application threads were stopped: 0.0001574 seconds, Stopping threads took: 0.0000242 seconds
2020-03-11T15:55:07.734+0800: 22.538: Total time for which application threads were stopped: 0.0000943 seconds, Stopping threads took: 0.0000293 seconds
2020-03-11T15:55:07.734+0800: 22.538: Total time for which application threads were stopped: 0.0001786 seconds, Stopping threads took: 0.0000235 seconds
2020-03-11T15:55:07.734+0800: 22.538: Total time for which application threads were stopped: 0.0000804 seconds, Stopping threads took: 0.0000146 seconds
2020-03-11T15:55:07.735+0800: 22.539: Total time for which application threads were stopped: 0.0001243 seconds, Stopping threads took: 0.0000585 seconds
2020-03-11T15:55:07.738+0800: 22.542: Total time for which application threads were stopped: 0.0001952 seconds, Stopping threads took: 0.0000400 seconds
2020-03-11T15:55:07.738+0800: 22.542: Total time for which application threads were stopped: 0.0001220 seconds, Stopping threads took: 0.0000273 seconds
2020-03-11T15:55:07.738+0800: 22.542: Total time for which application threads were stopped: 0.0001205 seconds, Stopping threads took: 0.0000269 seconds
2020-03-11T15:55:07.739+0800: 22.542: Total time for which application threads were stopped: 0.0001093 seconds, Stopping threads took: 0.0000235 seconds
2020-03-11T15:55:07.739+0800: 22.543: Total time for which application threads were stopped: 0.0001020 seconds, Stopping threads took: 0.0000289 seconds
2020-03-11T15:55:07.739+0800: 22.543: Total time for which application threads were stopped: 0.0001020 seconds, Stopping threads took: 0.0000362 seconds
2020-03-11T15:55:07.739+0800: 22.543: Total time for which application threads were stopped: 0.0000985 seconds, Stopping threads took: 0.0000343 seconds
2020-03-11T15:55:07.739+0800: 22.543: Total time for which application threads were stopped: 0.0000866 seconds, Stopping threads took: 0.0000250 seconds
2020-03-11T15:55:07.739+0800: 22.543: Total time for which application threads were stopped: 0.0000851 seconds, Stopping threads took: 0.0000227 seconds
2020-03-11T15:55:07.740+0800: 22.543: Total time for which application threads were stopped: 0.0000889 seconds, Stopping threads took: 0.0000262 seconds
2020-03-11T15:55:07.740+0800: 22.543: Total time for which application threads were stopped: 0.0000912 seconds, Stopping threads took: 0.0000308 seconds
2020-03-11T15:55:07.740+0800: 22.544: Total time for which application threads were stopped: 0.0001112 seconds, Stopping threads took: 0.0000246 seconds
2020-03-11T15:55:07.743+0800: 22.546: Total time for which application threads were stopped: 0.0001967 seconds, Stopping threads took: 0.0000489 seconds
2020-03-11T15:55:07.743+0800: 22.547: Total time for which application threads were stopped: 0.0000935 seconds, Stopping threads took: 0.0000158 seconds
2020-03-11T15:55:07.743+0800: 22.547: Total time for which application threads were stopped: 0.0000858 seconds, Stopping threads took: 0.0000262 seconds
2020-03-11T15:55:07.744+0800: 22.548: Total time for which application threads were stopped: 0.0000920 seconds, Stopping threads took: 0.0000169 seconds
2020-03-11T15:55:07.745+0800: 22.548: Total time for which application threads were stopped: 0.0003414 seconds, Stopping threads took: 0.0000216 seconds
2020-03-11T15:55:07.745+0800: 22.549: Total time for which application threads were stopped: 0.0001001 seconds, Stopping threads took: 0.0000242 seconds
2020-03-11T15:55:07.746+0800: 22.550: Total time for which application threads were stopped: 0.0001682 seconds, Stopping threads took: 0.0000362 seconds
2020-03-11T15:55:07.747+0800: 22.551: Total time for which application threads were stopped: 0.0001251 seconds, Stopping threads took: 0.0000362 seconds
2020-03-11T15:55:07.747+0800: 22.551: Total time for which application threads were stopped: 0.0000878 seconds, Stopping threads took: 0.0000254 seconds
2020-03-11T15:55:07.747+0800: 22.551: Total time for which application threads were stopped: 0.0000951 seconds, Stopping threads took: 0.0000154 seconds
2020-03-11T15:55:07.748+0800: 22.552: Total time for which application threads were stopped: 0.0000804 seconds, Stopping threads took: 0.0000235 seconds
2020-03-11T15:55:07.749+0800: 22.553: Total time for which application threads were stopped: 0.0000720 seconds, Stopping threads took: 0.0000146 seconds
2020-03-11T15:55:07.750+0800: 22.554: Total time for which application threads were stopped: 0.0000920 seconds, Stopping threads took: 0.0000254 seconds
2020-03-11T15:55:07.750+0800: 22.554: Total time for which application threads were stopped: 0.0000812 seconds, Stopping threads took: 0.0000196 seconds
2020-03-11T15:55:07.750+0800: 22.554: Total time for which application threads were stopped: 0.0000916 seconds, Stopping threads took: 0.0000319 seconds
2020-03-11T15:55:07.750+0800: 22.554: Total time for which application threads were stopped: 0.0000862 seconds, Stopping threads took: 0.0000246 seconds
2020-03-11T15:55:07.750+0800: 22.555: Total time for which application threads were stopped: 0.0000797 seconds, Stopping threads took: 0.0000219 seconds
2020-03-11T15:55:07.751+0800: 22.555: Total time for which application threads were stopped: 0.0000851 seconds, Stopping threads took: 0.0000273 seconds
2020-03-11T15:55:07.751+0800: 22.555: Total time for which application threads were stopped: 0.0000774 seconds, Stopping threads took: 0.0000196 seconds
2020-03-11T15:55:07.751+0800: 22.555: Total time for which application threads were stopped: 0.0000770 seconds, Stopping threads took: 0.0000200 seconds
2020-03-11T15:55:07.751+0800: 22.555: Total time for which application threads were stopped: 0.0000831 seconds, Stopping threads took: 0.0000250 seconds
2020-03-11T15:55:07.751+0800: 22.555: Total time for which application threads were stopped: 0.0000797 seconds, Stopping threads took: 0.0000219 seconds
2020-03-11T15:55:07.751+0800: 22.555: Total time for which application threads were stopped: 0.0000770 seconds, Stopping threads took: 0.0000196 seconds
2020-03-11T15:55:07.751+0800: 22.555: Total time for which application threads were stopped: 0.0000762 seconds, Stopping threads took: 0.0000185 seconds
2020-03-11T15:55:07.751+0800: 22.555: Total time for which application threads were stopped: 0.0000770 seconds, Stopping threads took: 0.0000166 seconds
2020-03-11T15:55:07.752+0800: 22.556: Total time for which application threads were stopped: 0.0001147 seconds, Stopping threads took: 0.0000196 seconds
2020-03-11T15:55:07.752+0800: 22.557: Total time for which application threads were stopped: 0.0001070 seconds, Stopping threads took: 0.0000192 seconds
2020-03-11T15:55:07.754+0800: 22.558: Total time for which application threads were stopped: 0.0001390 seconds, Stopping threads took: 0.0000277 seconds
2020-03-11T15:55:07.755+0800: 22.559: Total time for which application threads were stopped: 0.0001089 seconds, Stopping threads took: 0.0000200 seconds
2020-03-11T15:55:07.755+0800: 22.559: Total time for which application threads were stopped: 0.0001166 seconds, Stopping threads took: 0.0000296 seconds
2020-03-11T15:55:07.758+0800: 22.562: Total time for which application threads were stopped: 0.0002106 seconds, Stopping threads took: 0.0000466 seconds
2020-03-11T15:55:07.760+0800: 22.563: Total time for which application threads were stopped: 0.0001932 seconds, Stopping threads took: 0.0000408 seconds
2020-03-11T15:55:07.761+0800: 22.565: Total time for which application threads were stopped: 0.0001463 seconds, Stopping threads took: 0.0000350 seconds
2020-03-11T15:55:07.761+0800: 22.565: Total time for which application threads were stopped: 0.0001236 seconds, Stopping threads took: 0.0000327 seconds
2020-03-11T15:55:07.761+0800: 22.565: Total time for which application threads were stopped: 0.0000793 seconds, Stopping threads took: 0.0000266 seconds
2020-03-11T15:55:07.762+0800: 22.565: Total time for which application threads were stopped: 0.0000778 seconds, Stopping threads took: 0.0000235 seconds
2020-03-11T15:55:07.762+0800: 22.566: Total time for which application threads were stopped: 0.0000785 seconds, Stopping threads took: 0.0000235 seconds
2020-03-11T15:55:07.762+0800: 22.566: Total time for which application threads were stopped: 0.0000866 seconds, Stopping threads took: 0.0000389 seconds
2020-03-11T15:55:07.762+0800: 22.566: Total time for which application threads were stopped: 0.0000797 seconds, Stopping threads took: 0.0000239 seconds
2020-03-11T15:55:07.762+0800: 22.566: Total time for which application threads were stopped: 0.0000843 seconds, Stopping threads took: 0.0000319 seconds
2020-03-11T15:55:07.762+0800: 22.566: Total time for which application threads were stopped: 0.0000762 seconds, Stopping threads took: 0.0000262 seconds
2020-03-11T15:55:07.762+0800: 22.566: Total time for which application threads were stopped: 0.0000789 seconds, Stopping threads took: 0.0000208 seconds
2020-03-11T15:55:07.763+0800: 22.566: Total time for which application threads were stopped: 0.0000808 seconds, Stopping threads took: 0.0000273 seconds
2020-03-11T15:55:07.763+0800: 22.566: Total time for which application threads were stopped: 0.0000743 seconds, Stopping threads took: 0.0000242 seconds
2020-03-11T15:55:07.763+0800: 22.567: Total time for which application threads were stopped: 0.0000720 seconds, Stopping threads took: 0.0000227 seconds
2020-03-11T15:55:07.764+0800: 22.568: Total time for which application threads were stopped: 0.0000793 seconds, Stopping threads took: 0.0000227 seconds
2020-03-11T15:55:07.764+0800: 22.568: Total time for which application threads were stopped: 0.0000689 seconds, Stopping threads took: 0.0000212 seconds
2020-03-11T15:55:07.765+0800: 22.569: Total time for which application threads were stopped: 0.0000751 seconds, Stopping threads took: 0.0000154 seconds
2020-03-11T15:55:07.765+0800: 22.569: Total time for which application threads were stopped: 0.0000905 seconds, Stopping threads took: 0.0000300 seconds
2020-03-11T15:55:07.766+0800: 22.570: Total time for which application threads were stopped: 0.0001201 seconds, Stopping threads took: 0.0000331 seconds
2020-03-11T15:55:07.766+0800: 22.570: Total time for which application threads were stopped: 0.0000943 seconds, Stopping threads took: 0.0000189 seconds
2020-03-11T15:55:07.766+0800: 22.570: Total time for which application threads were stopped: 0.0001062 seconds, Stopping threads took: 0.0000181 seconds
2020-03-11T15:55:07.766+0800: 22.570: Total time for which application threads were stopped: 0.0000785 seconds, Stopping threads took: 0.0000308 seconds
2020-03-11T15:55:07.768+0800: 22.572: Total time for which application threads were stopped: 0.0000697 seconds, Stopping threads took: 0.0000142 seconds
2020-03-11T15:55:07.769+0800: 22.573: Total time for which application threads were stopped: 0.0001690 seconds, Stopping threads took: 0.0000354 seconds
2020-03-11T15:55:07.769+0800: 22.573: Total time for which application threads were stopped: 0.0001374 seconds, Stopping threads took: 0.0000293 seconds
2020-03-11T15:55:07.770+0800: 22.574: Total time for which application threads were stopped: 0.0000778 seconds, Stopping threads took: 0.0000181 seconds
2020-03-11T15:55:07.770+0800: 22.574: Total time for which application threads were stopped: 0.0000735 seconds, Stopping threads took: 0.0000158 seconds
2020-03-11T15:55:07.770+0800: 22.574: Total time for which application threads were stopped: 0.0000712 seconds, Stopping threads took: 0.0000150 seconds
2020-03-11T15:55:07.770+0800: 22.574: Total time for which application threads were stopped: 0.0000754 seconds, Stopping threads took: 0.0000150 seconds
2020-03-11T15:55:07.770+0800: 22.574: Total time for which application threads were stopped: 0.0000712 seconds, Stopping threads took: 0.0000185 seconds
2020-03-11T15:55:07.770+0800: 22.574: Total time for which application threads were stopped: 0.0000731 seconds, Stopping threads took: 0.0000189 seconds
2020-03-11T15:55:07.770+0800: 22.574: Total time for which application threads were stopped: 0.0000658 seconds, Stopping threads took: 0.0000127 seconds
2020-03-11T15:55:07.770+0800: 22.575: Total time for which application threads were stopped: 0.0000812 seconds, Stopping threads took: 0.0000166 seconds
2020-03-11T15:55:07.771+0800: 22.575: Total time for which application threads were stopped: 0.0001143 seconds, Stopping threads took: 0.0000458 seconds
2020-03-11T15:55:07.771+0800: 22.575: Total time for which application threads were stopped: 0.0000835 seconds, Stopping threads took: 0.0000281 seconds
2020-03-11T15:55:07.771+0800: 22.576: Total time for which application threads were stopped: 0.0000697 seconds, Stopping threads took: 0.0000146 seconds
2020-03-11T15:55:07.773+0800: 22.577: Total time for which application threads were stopped: 0.0002718 seconds, Stopping threads took: 0.0000227 seconds
2020-03-11T15:55:07.773+0800: 22.577: Total time for which application threads were stopped: 0.0000762 seconds, Stopping threads took: 0.0000162 seconds
2020-03-11T15:55:07.773+0800: 22.577: Total time for which application threads were stopped: 0.0000724 seconds, Stopping threads took: 0.0000150 seconds
2020-03-11T15:55:07.773+0800: 22.577: Total time for which application threads were stopped: 0.0000770 seconds, Stopping threads took: 0.0000208 seconds
2020-03-11T15:55:07.775+0800: 22.579: Total time for which application threads were stopped: 0.0000928 seconds, Stopping threads took: 0.0000219 seconds
2020-03-11T15:55:07.775+0800: 22.579: Total time for which application threads were stopped: 0.0000727 seconds, Stopping threads took: 0.0000146 seconds
2020-03-11T15:55:07.776+0800: 22.580: Total time for which application threads were stopped: 0.0000947 seconds, Stopping threads took: 0.0000277 seconds
2020-03-11T15:55:07.776+0800: 22.580: Total time for which application threads were stopped: 0.0001282 seconds, Stopping threads took: 0.0000273 seconds
2020-03-11T15:55:07.777+0800: 22.581: Total time for which application threads were stopped: 0.0001078 seconds, Stopping threads took: 0.0000308 seconds
2020-03-11T15:55:07.780+0800: 22.584: Total time for which application threads were stopped: 0.0001586 seconds, Stopping threads took: 0.0000362 seconds
2020-03-11T15:55:07.780+0800: 22.584: Total time for which application threads were stopped: 0.0001047 seconds, Stopping threads took: 0.0000166 seconds
2020-03-11T15:55:07.780+0800: 22.584: Total time for which application threads were stopped: 0.0000812 seconds, Stopping threads took: 0.0000177 seconds
2020-03-11T15:55:07.780+0800: 22.584: Total time for which application threads were stopped: 0.0000747 seconds, Stopping threads took: 0.0000216 seconds
2020-03-11T15:55:07.780+0800: 22.584: Total time for which application threads were stopped: 0.0000581 seconds, Stopping threads took: 0.0000131 seconds
2020-03-11T15:55:07.780+0800: 22.584: Total time for which application threads were stopped: 0.0000562 seconds, Stopping threads took: 0.0000119 seconds
2020-03-11T15:55:07.780+0800: 22.584: Total time for which application threads were stopped: 0.0000558 seconds, Stopping threads took: 0.0000123 seconds
2020-03-11T15:55:07.781+0800: 22.584: Total time for which application threads were stopped: 0.0000847 seconds, Stopping threads took: 0.0000327 seconds
2020-03-11T15:55:07.781+0800: 22.584: Total time for which application threads were stopped: 0.0000662 seconds, Stopping threads took: 0.0000196 seconds
2020-03-11T15:55:07.781+0800: 22.585: Total time for which application threads were stopped: 0.0000677 seconds, Stopping threads took: 0.0000212 seconds
2020-03-11T15:55:07.782+0800: 22.586: Total time for which application threads were stopped: 0.0000724 seconds, Stopping threads took: 0.0000177 seconds
2020-03-11T15:55:07.782+0800: 22.586: Total time for which application threads were stopped: 0.0000597 seconds, Stopping threads took: 0.0000139 seconds
2020-03-11T15:55:07.783+0800: 22.587: Total time for which application threads were stopped: 0.0000743 seconds, Stopping threads took: 0.0000239 seconds
2020-03-11T15:55:07.784+0800: 22.588: Total time for which application threads were stopped: 0.0000901 seconds, Stopping threads took: 0.0000327 seconds
2020-03-11T15:55:07.784+0800: 22.588: Total time for which application threads were stopped: 0.0002756 seconds, Stopping threads took: 0.0000304 seconds
2020-03-11T15:55:07.793+0800: 22.597: Total time for which application threads were stopped: 0.0001382 seconds, Stopping threads took: 0.0000293 seconds
2020-03-11T15:55:07.793+0800: 22.597: Total time for which application threads were stopped: 0.0000558 seconds, Stopping threads took: 0.0000146 seconds
2020-03-11T15:55:07.793+0800: 22.597: Total time for which application threads were stopped: 0.0000647 seconds, Stopping threads took: 0.0000189 seconds
2020-03-11T15:55:07.793+0800: 22.597: Total time for which application threads were stopped: 0.0000527 seconds, Stopping threads took: 0.0000123 seconds
2020-03-11T15:55:07.793+0800: 22.597: Total time for which application threads were stopped: 0.0000527 seconds, Stopping threads took: 0.0000127 seconds
2020-03-11T15:55:07.793+0800: 22.597: Total time for which application threads were stopped: 0.0000535 seconds, Stopping threads took: 0.0000135 seconds
2020-03-11T15:55:07.793+0800: 22.597: Total time for which application threads were stopped: 0.0000535 seconds, Stopping threads took: 0.0000135 seconds
2020-03-11T15:55:07.793+0800: 22.597: Total time for which application threads were stopped: 0.0000570 seconds, Stopping threads took: 0.0000166 seconds
2020-03-11T15:55:07.794+0800: 22.598: Total time for which application threads were stopped: 0.0000581 seconds, Stopping threads took: 0.0000123 seconds
2020-03-11T15:55:07.795+0800: 22.599: Total time for which application threads were stopped: 0.0000866 seconds, Stopping threads took: 0.0000173 seconds
2020-03-11T15:55:07.795+0800: 22.599: Total time for which application threads were stopped: 0.0000828 seconds, Stopping threads took: 0.0000316 seconds
2020-03-11T15:55:07.796+0800: 22.600: Total time for which application threads were stopped: 0.0000855 seconds, Stopping threads took: 0.0000258 seconds
2020-03-11T15:55:07.799+0800: 22.603: Total time for which application threads were stopped: 0.0000762 seconds, Stopping threads took: 0.0000235 seconds
2020-03-11T15:55:07.799+0800: 22.603: Total time for which application threads were stopped: 0.0000704 seconds, Stopping threads took: 0.0000277 seconds
2020-03-11T15:55:07.800+0800: 22.603: Total time for which application threads were stopped: 0.0000924 seconds, Stopping threads took: 0.0000458 seconds
2020-03-11T15:55:07.800+0800: 22.604: Total time for which application threads were stopped: 0.0000793 seconds, Stopping threads took: 0.0000166 seconds
2020-03-11T15:55:07.800+0800: 22.604: Total time for which application threads were stopped: 0.0000720 seconds, Stopping threads took: 0.0000154 seconds
2020-03-11T15:55:07.800+0800: 22.604: Total time for which application threads were stopped: 0.0000654 seconds, Stopping threads took: 0.0000208 seconds
2020-03-11T15:55:07.800+0800: 22.604: Total time for which application threads were stopped: 0.0000574 seconds, Stopping threads took: 0.0000131 seconds
2020-03-11T15:55:07.800+0800: 22.604: Total time for which application threads were stopped: 0.0000539 seconds, Stopping threads took: 0.0000135 seconds
2020-03-11T15:55:07.800+0800: 22.604: Total time for which application threads were stopped: 0.0000516 seconds, Stopping threads took: 0.0000131 seconds
2020-03-11T15:55:07.801+0800: 22.605: Total time for which application threads were stopped: 0.0000558 seconds, Stopping threads took: 0.0000135 seconds
2020-03-11T15:55:07.801+0800: 22.605: Total time for which application threads were stopped: 0.0000616 seconds, Stopping threads took: 0.0000177 seconds
2020-03-11T15:55:07.802+0800: 22.606: Total time for which application threads were stopped: 0.0000697 seconds, Stopping threads took: 0.0000189 seconds
2020-03-11T15:55:07.805+0800: 22.608: Total time for which application threads were stopped: 0.0000985 seconds, Stopping threads took: 0.0000239 seconds
2020-03-11T15:55:07.805+0800: 22.608: Total time for which application threads were stopped: 0.0000570 seconds, Stopping threads took: 0.0000181 seconds
2020-03-11T15:55:07.805+0800: 22.609: Total time for which application threads were stopped: 0.0000489 seconds, Stopping threads took: 0.0000123 seconds
2020-03-11T15:55:07.805+0800: 22.609: Total time for which application threads were stopped: 0.0000470 seconds, Stopping threads took: 0.0000108 seconds
2020-03-11T15:55:07.805+0800: 22.609: Total time for which application threads were stopped: 0.0000477 seconds, Stopping threads took: 0.0000115 seconds
2020-03-11T15:55:07.805+0800: 22.609: Total time for which application threads were stopped: 0.0000473 seconds, Stopping threads took: 0.0000112 seconds
2020-03-11T15:55:07.805+0800: 22.609: Total time for which application threads were stopped: 0.0000473 seconds, Stopping threads took: 0.0000112 seconds
2020-03-11T15:55:07.805+0800: 22.609: Total time for which application threads were stopped: 0.0000539 seconds, Stopping threads took: 0.0000166 seconds
2020-03-11T15:55:07.805+0800: 22.609: Total time for which application threads were stopped: 0.0000458 seconds, Stopping threads took: 0.0000104 seconds
2020-03-11T15:55:07.806+0800: 22.610: Total time for which application threads were stopped: 0.0000751 seconds, Stopping threads took: 0.0000177 seconds
2020-03-11T15:55:07.807+0800: 22.610: Total time for which application threads were stopped: 0.0000731 seconds, Stopping threads took: 0.0000166 seconds
2020-03-11T15:55:07.807+0800: 22.611: Total time for which application threads were stopped: 0.0000543 seconds, Stopping threads took: 0.0000142 seconds
2020-03-11T15:55:07.811+0800: 22.615: Total time for which application threads were stopped: 0.0001151 seconds, Stopping threads took: 0.0000393 seconds
Heap
 garbage-first heap   total 524288K, used 205687K [0x00000000e0000000, 0x00000000e0101000, 0x0000000100000000)
  region size 1024K, 132 young (135168K), 18 survivors (18432K)
 Metaspace       used 44077K, capacity 46176K, committed 46460K, reserved 1089536K
  class space    used 5487K, capacity 5891K, committed 6016K, reserved 1048576K
